request support information | no-more 


root@vMX2> show system uptime no-forwarding

Current time: 2022-04-27 12:17:53 UTC
Time Source:  LOCAL CLOCK
System booted: 2022-04-27 11:31:31 UTC (00:46:22 ago)
Protocols started: 2022-04-27 11:33:15 UTC (00:44:38 ago)
Last configured: 2022-04-27 11:38:05 UTC (00:39:48 ago) by root
12:17PM  up 46 mins, 1 users, load averages: 0.35, 0.33, 0.33


root@vMX2> show version detail no-forwarding

Hostname: vMX2
Model: vmx
Junos: 21.1R3.11
JUNOS OS Kernel 64-bit  [20211011.a9cfe96_builder_stable_11]
JUNOS OS libs [20211011.a9cfe96_builder_stable_11]
JUNOS OS runtime [20211011.a9cfe96_builder_stable_11]
JUNOS OS time zone information [20211011.a9cfe96_builder_stable_11]
JUNOS network stack and utilities [20211215.004903_builder_junos_211_r3]
JUNOS libs [20211215.004903_builder_junos_211_r3]
JUNOS OS libs compat32 [20211011.a9cfe96_builder_stable_11]
JUNOS OS 32-bit compatibility [20211011.a9cfe96_builder_stable_11]
JUNOS libs compat32 [20211215.004903_builder_junos_211_r3]
JUNOS runtime [20211215.004903_builder_junos_211_r3]
JUNOS Packet Forwarding Engine Simulation Package [20211215.004903_builder_junos_211_r3]
JUNOS sflow mx [20211215.004903_builder_junos_211_r3]
JUNOS py extensions [20211215.004903_builder_junos_211_r3]
JUNOS py base [20211215.004903_builder_junos_211_r3]
JUNOS OS vmguest [20211011.a9cfe96_builder_stable_11]
JUNOS OS crypto [20211011.a9cfe96_builder_stable_11]
JUNOS OS boot-ve files [20211011.a9cfe96_builder_stable_11]
JUNOS na telemetry [21.1R3.11]
Junos vmguest package [20211215.004903_builder_junos_211_r3]
JUNOS mx libs compat32 [20211215.004903_builder_junos_211_r3]
JUNOS mx runtime [20211215.004903_builder_junos_211_r3]
JUNOS RPD Telemetry Application [21.1R3.11]
JUNOS Routing mpls-oam-basic [20211215.004903_builder_junos_211_r3]
JUNOS Routing mpls-oam-advanced [20211215.004903_builder_junos_211_r3]
JUNOS Routing lsys [20211215.004903_builder_junos_211_r3]
JUNOS Routing controller-internal [20211215.004903_builder_junos_211_r3]
JUNOS Routing controller-external [20211215.004903_builder_junos_211_r3]
JUNOS Routing 32-bit Compatible Version [20211215.004903_builder_junos_211_r3]
JUNOS Routing aggregated [20211215.004903_builder_junos_211_r3]
Redis [20211215.004903_builder_junos_211_r3]
JUNOS probe utility [20211215.004903_builder_junos_211_r3]
JUNOS common platform support [20211215.004903_builder_junos_211_r3]
JUNOS Openconfig [21.1R3.11]
JUNOS mtx network modules [20211215.004903_builder_junos_211_r3]
JUNOS modules [20211215.004903_builder_junos_211_r3]
JUNOS mx modules [20211215.004903_builder_junos_211_r3]
JUNOS mx libs [20211215.004903_builder_junos_211_r3]
JUNOS SQL Sync Daemon [20211215.004903_builder_junos_211_r3]
JUNOS mtx Data Plane Crypto Support [20211215.004903_builder_junos_211_r3]
JUNOS daemons [20211215.004903_builder_junos_211_r3]
JUNOS mx daemons [20211215.004903_builder_junos_211_r3]
JUNOS Broadband Egde User Plane Apps [21.1R3.11]
JUNOS appidd-mx application-identification daemon [20211215.004903_builder_junos_211_r3]
JUNOS Simulation Linux Package [20211215.004903_builder_junos_211_r3]
JUNOS Simulation Package [20211215.004903_builder_junos_211_r3]
JUNOS Services URL Filter package [20211215.004903_builder_junos_211_r3]
JUNOS Services TLB Service PIC package [20211215.004903_builder_junos_211_r3]
JUNOS Services Telemetry [20211215.004903_builder_junos_211_r3]
JUNOS Services TCP-LOG [20211215.004903_builder_junos_211_r3]
JUNOS Services SSL [20211215.004903_builder_junos_211_r3]
JUNOS Services SOFTWIRE [20211215.004903_builder_junos_211_r3]
JUNOS Services Stateful Firewall [20211215.004903_builder_junos_211_r3]
JUNOS Services RTCOM [20211215.004903_builder_junos_211_r3]
JUNOS Services RPM [20211215.004903_builder_junos_211_r3]
JUNOS Services PCEF package [20211215.004903_builder_junos_211_r3]
JUNOS Services NAT [20211215.004903_builder_junos_211_r3]
JUNOS Services Mobile Subscriber Service Container package [20211215.004903_builder_junos_211_r3]
JUNOS Services MobileNext Software package [20211215.004903_builder_junos_211_r3]
JUNOS Services Logging Report Framework package [20211215.004903_builder_junos_211_r3]
JUNOS Services LL-PDF Container package [20211215.004903_builder_junos_211_r3]
JUNOS Services Jflow Container package [20211215.004903_builder_junos_211_r3]
JUNOS Services Deep Packet Inspection package [20211215.004903_builder_junos_211_r3]
JUNOS Services IPSec [20211215.004903_builder_junos_211_r3]
JUNOS Services IDS [20211215.004903_builder_junos_211_r3]
JUNOS IDP Services [20211215.004903_builder_junos_211_r3]
JUNOS Services HTTP Content Management package [20211215.004903_builder_junos_211_r3]
JUNOS Services DNS Filter package (i386) [20211215.004903_builder_junos_211_r3]
JUNOS Services Crypto [20211215.004903_builder_junos_211_r3]
JUNOS Services Captive Portal and Content Delivery Container package [20211215.004903_builder_junos_211_r3]
JUNOS Services COS [20211215.004903_builder_junos_211_r3]
JUNOS AppId Services [20211215.004903_builder_junos_211_r3]
JUNOS Services Application Level Gateways [20211215.004903_builder_junos_211_r3]
JUNOS Services AACL Container package [20211215.004903_builder_junos_211_r3]
JUNOS Extension Toolkit [20211215.004903_builder_junos_211_r3]
JUNOS Juniper Malware Removal Tool (JMRT) [1.0.0+20211215.004903_builder_junos_211_r3]
JUNOS J-Insight [20211215.004903_builder_junos_211_r3]
JUNOS Online Documentation [20211215.004903_builder_junos_211_r3]
JUNOS jail runtime [20211011.a9cfe96_builder_stable_11]
KERNEL JNPR-11.0-20211011.a9cfe96_builder_stable_11 #0 r356482+a9cfe9689d1(stable/11)
MGD release 20211201.145818_builder.r1226460 built by builder on 2021-12-01 15:18:00 UTC
CLI release 20211201.145818_builder.r1226460 built by builder on 2021-12-01 15:17:14 UTC
JLAUNCHD release 21.1R3.11 built by builder on 2021-12-15 01:42:07 UTC
RPD release 21.1R3.11 built by builder on 2021-12-15 02:50:17 UTC
CHASSISD release 21.1R3.11 built by builder on 2021-12-15 02:42:34 UTC
COMMIT-SYNCD release 20211201.145818_builder.r1226460 built by builder on 2021-12-01 15:17:14 UTC
BFDD release 21.1R3.11 built by builder on 2021-12-15 02:19:30 UTC
JNUD release 20211201.145818_builder.r1226460 built by builder on 2021-12-01 15:17:19 UTC
DFWD release 21.1R3.11 built by builder on 2021-12-15 02:19:43 UTC
DCD release 21.1R3.11 built by builder on 2021-12-15 02:19:43 UTC
SNMPD release 21.1R3.11 built by builder on 2021-12-15 02:31:02 UTC
ALARM-MGMTD release 21.1R3.11 built by builder on 2021-12-15 02:31:01 UTC
MIB2D release 21.1R3.11 built by builder on 2021-12-15 02:32:26 UTC
APSD release 21.1R3.11 built by builder on 2021-12-15 02:19:30 UTC
VRRPD release 21.1R3.11 built by builder on 2021-12-15 02:31:57 UTC
ALARMD release 21.1R3.11 built by builder on 2021-12-15 02:30:35 UTC
PFED release 21.1R3.11 built by builder on 2021-12-15 02:31:11 UTC
AGENTD release 21.1R3.11 built by builder on 2021-12-15 02:21:38 UTC
CRAFTD release 21.1R3.11 built by builder on 2021-12-15 02:19:31 UTC
SAMPLED release 21.1R3.11 built by builder on 2021-12-15 02:19:51 UTC
SRRD release 21.1R3.11 built by builder on 2021-12-15 02:19:17 UTC
JFLOWD release 21.1R3.11 built by builder on 2021-12-15 02:20:06 UTC
ILMID release 21.1R3.11 built by builder on 2021-12-15 02:19:31 UTC
RMOPD release 21.1R3.11 built by builder on 2021-12-15 02:19:35 UTC
COSD release 21.1R3.11 built by builder on 2021-12-15 02:31:12 UTC
FSAD release 21.1R3.11 built by builder on 2021-12-15 02:19:14 UTC
IRSD release 21.1R3.11 built by builder on 2021-12-15 02:19:37 UTC
FUD release 21.1R3.11 built by builder on 2021-12-15 02:19:16 UTC
smartd 6.4 2015-06-04 r4109 [FreeBSD JNPR-11.0-20211011.a9cfe96_buil amd64] Junos Build
Copyright (C) 2002-15, Bruce Allen, Christian Franke, www.smartmontools.org
KSYNCD release 21.1R3.11 built by builder on 2021-12-15 01:59:57 UTC
SPD release 21.1R3.11 built by builder on 2021-12-15 02:30:55 UTC
JL2TPD release 21.1R3.11 built by builder on 2021-12-15 02:21:37 UTC
JPPPOED release 21.1R3.11 built by builder on 2021-12-15 02:21:37 UTC
RDD release 21.1R3.11 built by builder on 2021-12-15 02:19:44 UTC
PPPD release 21.1R3.11 built by builder on 2021-12-15 02:19:17 UTC
DFCD release 21.1R3.11 built by builder on 2021-12-15 02:20:01 UTC
LACPD release 21.1R3.11 built by builder on 2021-12-15 02:20:40 UTC
OAMD release 21.1R3.11 built by builder on 2021-12-15 02:20:07 UTC
TNETD release 21.1R3.11 built by builder on 2021-12-15 01:37:26 UTC
CFMD release 21.1R3.11 built by builder on 2021-12-15 02:31:10 UTC
JDHCPD release 21.1R3.11 built by builder on 2021-12-15 02:21:37 UTC
JSAVALD release 21.1R3.11 built by builder on 2021-12-15 02:20:06 UTC
PSSD release 21.1R3.11 built by builder on 2021-12-15 02:20:07 UTC
MSPD release 21.1R3.11 built by builder on 2021-12-15 02:20:07 UTC
AUTHD release 21.1R3.11 built by builder on 2021-12-15 02:31:17 UTC
PMOND release 21.1R3.11 built by builder on 2021-12-15 02:27:01 UTC
AUTOCONFD release 21.1R3.11 built by builder on 2021-12-15 02:21:36 UTC
BBE-SMGD release 21.1R3.11 built by builder on 2021-12-15 02:31:12 UTC
BBE-SMG-UPD release 21.1R3.11 built by builder on 2021-12-15 02:46:35 UTC
APPIDD release 21.1R3.11 built by builder on 2021-12-15 02:30:40 UTC
JKDSD release 21.1R3.11 built by builder on 2021-12-15 02:27:01 UTC
JDIAMETERD release 21.1R3.11 built by builder on 2021-12-15 02:21:37 UTC
JPPPD release 21.1R3.11 built by builder on 2021-12-15 02:21:42 UTC
JSSCD release 21.1R3.11 built by builder on 2021-12-15 02:21:42 UTC
ICCPD release 21.1R3.11 built by builder on 2021-12-15 01:59:54 UTC
MCLAG-CFGCHKD release 21.1R3.11 built by builder on 2021-12-15 02:32:03 UTC
SHM-RTSDBD release 21.1R3.11 built by builder on 2021-12-15 02:20:58 UTC
DATAPATH-TRACED release 21.1R3.11 built by builder on 2021-12-15 02:20:00 UTC
CPCDD release 21.1R3.11 built by builder on 2021-12-15 02:21:40 UTC
SMID release 21.1R3.11 built by builder on 2021-12-15 02:30:38 UTC
SMIHELPERD release 21.1R3.11 built by builder on 2021-12-15 02:20:09 UTC
JDDOSD release 21.1R3.11 built by builder on 2021-12-15 02:21:41 UTC
TRANSPORTD release 21.1R3.11 built by builder on 2021-12-15 02:21:38 UTC
CLKSYNCD release 21.1R3.11 built by builder on 2021-12-15 02:30:39 UTC
RMPSD release 21.1R3.11 built by builder on 2021-12-15 02:30:19 UTC
MOBILED release 21.1R3.11 built by builder on 2021-12-15 02:42:38 UTC
srd release 21.1R3.11 built by builder on 2021-12-15 02:20:09 UTC
SDK-VMMD release 21.1R3.11 built by builder on 2021-12-15 02:20:08 UTC
GSTATD release 21.1R3.11 built by builder on 2021-12-15 01:42:15 UTC
SFLOWD release 21.1R3.11 built by builder on 2021-12-15 02:19:50 UTC
JKHMD release 21.1R3.11 built by builder on 2021-12-15 02:27:01 UTC
DOT1XD release 21.1R3.11 built by builder on 2021-12-15 02:39:26 UTC
ESSMD release 21.1R3.11 built by builder on 2021-12-15 02:20:04 UTC
VMOND release 21.1R3.11 built by builder on 2021-12-15 02:19:31 UTC
IMOND release 21.1R3.11 built by builder on 2021-12-15 02:30:35 UTC
BBE-MIBD release 21.1R3.11 built by builder on 2021-12-15 02:21:40 UTC
NET-MONITORD release 21.1R3.11 built by builder on 2021-12-15 02:20:14 UTC
BBE-STATSD release 21.1R3.11 built by builder on 2021-12-15 02:21:41 UTC
BBE-STATS-SVCSD release 21.1R3.11 built by builder on 2021-12-15 02:38:48 UTC
TRAFFIC-DIRD release 21.1R3.11 built by builder on 2021-12-15 02:20:11 UTC
JINSIGHTD release 21.1R3.11 built by builder on 2021-12-15 02:00:05 UTC
TCPFWDD release 21.1R3.11 built by builder on 2021-12-15 02:27:51 UTC
RDMD release 21.1R3.11 built by builder on 2021-12-15 02:20:15 UTC
SAEGW-UPAD release 21.1R3.11 built by builder on 2021-12-15 02:27:54 UTC
BBE-FWSD release 21.1R3.11 built by builder on 2021-12-15 02:21:38 UTC
FIBTD release 21.1R3.11 built by builder on 2021-12-15 02:27:23 UTC
NASD release 21.1R3.11 built by builder on 2021-12-15 02:27:52 UTC
NGAPD release 21.1R3.11 built by builder on 2021-12-15 02:27:53 UTC
BBE-UPMD release 21.1R3.11 built by builder on 2021-12-15 02:27:54 UTC
BBE-HELPERD release 21.1R3.11 built by builder on 2021-12-15 02:27:48 UTC
PPMD release 21.1R3.11 built by builder on 2021-12-15 02:30:32 UTC
LMPD release 21.1R3.11 built by builder on 2021-12-15 01:59:46 UTC
LRMUXD release 21.1R3.11 built by builder on 2021-12-15 02:30:09 UTC
PGMD release 21.1R3.11 built by builder on 2021-12-15 02:19:02 UTC
BFDD release 21.1R3.11 built by builder on 2021-12-15 02:19:30 UTC
SDXD release 21.1R3.11 built by builder on 2021-12-15 02:19:59 UTC
AUDITD release 21.1R3.11 built by builder on 2021-12-15 02:30:30 UTC
L2ALD release 21.1R3.11 built by builder on 2021-12-15 02:37:53 UTC
EVENTD release 21.1R3.11 built by builder on 2021-12-15 02:21:37 UTC
L2CPD release 21.1R3.11 built by builder on 2021-12-15 02:30:12 UTC
ANCPD release 21.1R3.11 built by builder on 2021-12-15 02:20:00 UTC
MCSNOOPD release 21.1R3.11 built by builder on 2021-12-15 02:38:29 UTC
MPLSOAMD release 21.1R3.11 built by builder on 2021-12-15 02:30:12 UTC
WEB-API release 21.1R3.11 built by builder on 2021-12-15 02:19:30 UTC
JSD release 21.1R3.11 built by builder on 2021-12-15 02:21:35 UTC
UI-PUBD release 21.1R3.11 built by builder on 2021-12-15 02:21:36 UTC
MGD-API release 21.1R3.11 built by builder on 2021-12-15 01:56:49 UTC
PCCD release 21.1R3.11 built by builder on 2021-12-15 02:30:38 UTC
OVERLAYD release 21.1R3.11 built by builder on 2021-12-15 02:20:35 UTC
NTAD release 21.1R3.11 built by builder on 2021-12-15 02:20:11 UTC
SDPD release 21.1R3.11 built by builder on 2021-12-15 02:31:57 UTC
SPMD release 21.1R3.11 built by builder on 2021-12-15 02:31:46 UTC
SCPD release 21.1R3.11 built by builder on 2021-12-15 02:31:45 UTC
VCCPD release 21.1R3.11 built by builder on 2021-12-15 02:30:19 UTC
RPDTMD release 21.1R3.11 built by builder on 2021-12-15 02:27:25 UTC
JSQLSYNCD release 21.1R3.11 built by builder on 2021-12-15 02:20:20 UTC
KMD release 21.1R3.11 built by builder on 2021-12-15 02:19:32 UTC
GKMD release 21.1R3.11 built by builder on 2021-12-15 02:20:31 UTC
PKID release 21.1R3.11 built by builder on 2021-12-15 02:19:58 UTC
SENDD release 21.1R3.11 built by builder on 2021-12-15 02:19:59 UTC
base-actions-dd release 20211201.145818_builder.r1226460 built by builder on 2021-12-01 15:13:34 UTC
junos-base-actions-dd release 21.1R3.11 built by builder on 2021-12-15 01:27:19 UTC
jkernel-actions-dd release 21.1R3.11 built by builder on 2021-12-15 01:29:19 UTC
aaad-actions-dd release 21.1R3.11 built by builder on 2021-12-15 01:12:11 UTC
agf-actions-dd release 21.1R3.11 built by builder on 2021-12-15 01:12:17 UTC
ancpd-actions-dd release 21.1R3.11 built by builder on 2021-12-15 01:12:10 UTC
appsecure-actions-dd release 21.1R3.11 built by builder on 2021-12-15 01:12:17 UTC
aprobe-actions-dd release 21.1R3.11 built by builder on 2021-12-15 01:12:12 UTC
apsd-actions-dd release 21.1R3.11 built by builder on 2021-12-15 01:12:11 UTC
authd_cmd-actions-dd release 21.1R3.11 built by builder on 2021-12-15 01:12:40 UTC
autoconfd_cmd-actions-dd release 21.1R3.11 built by builder on 2021-12-15 01:12:13 UTC
bbe-user-plane-actions-dd release 21.1R3.11 built by builder on 2021-12-15 01:27:10 UTC
bfdd-actions-dd release 21.1R3.11 built by builder on 2021-12-15 01:11:59 UTC
cfm-actions-dd release 21.1R3.11 built by builder on 2021-12-15 01:27:10 UTC
chassis_cmd-actions-dd release 21.1R3.11 built by builder on 2021-12-15 01:27:47 UTC
clksyncd-actions-dd release 21.1R3.11 built by builder on 2021-12-15 01:27:10 UTC
collector-actions-dd release 21.1R3.11 built by builder on 2021-12-15 01:11:58 UTC
cos_cmd-actions-dd release 21.1R3.11 built by builder on 2021-12-15 01:12:14 UTC
cpcdd_cmd-actions-dd release 21.1R3.11 built by builder on 2021-12-15 01:12:12 UTC
dcd_cmd-actions-dd release 21.1R3.11 built by builder on 2021-12-15 01:11:59 UTC
demuxd-actions-dd release 21.1R3.11 built by builder on 2021-12-15 01:27:03 UTC
dfcd_cmd-actions-dd release 21.1R3.11 built by builder on 2021-12-15 01:12:13 UTC
dot1xd-actions-dd release 21.1R3.11 built by builder on 2021-12-15 01:11:57 UTC
dyn-sess-prof-actions-dd release 21.1R3.11 built by builder on 2021-12-15 01:12:13 UTC
elmi-actions-dd release 21.1R3.11 built by builder on 2021-12-15 01:27:04 UTC
essmd-actions-dd release 21.1R3.11 built by builder on 2021-12-15 01:12:10 UTC
forwarding_options_cmd-actions-dd release 21.1R3.11 built by builder on 2021-12-15 01:12:13 UTC
fsad-actions-dd release 21.1R3.11 built by builder on 2021-12-15 01:12:10 UTC
gres-test-point-actions-dd release 21.1R3.11 built by builder on 2021-12-15 01:12:13 UTC
httpd_cmd-actions-dd release 21.1R3.11 built by builder on 2021-12-15 01:12:13 UTC
iccp_cmd-actions-dd release 21.1R3.11 built by builder on 2021-12-15 01:12:13 UTC
ilmid-actions-dd release 21.1R3.11 built by builder on 2021-12-15 01:12:13 UTC
jappid-actions-dd release 21.1R3.11 built by builder on 2021-12-15 01:11:59 UTC
jcrypto-actions-dd release 21.1R3.11 built by builder on 2021-12-15 01:11:47 UTC
jcrypto_junos-actions-dd release 21.1R3.11 built by builder on 2021-12-15 01:27:09 UTC
jddosd-actions-dd release 21.1R3.11 built by builder on 2021-12-15 01:12:16 UTC
jdiameterd-actions-dd release 21.1R3.11 built by builder on 2021-12-15 01:12:12 UTC
jdocs-actions-dd release 21.1R3.11 built by builder on 2021-12-15 01:30:55 UTC
jidpd-actions-dd release 21.1R3.11 built by builder on 2021-12-15 01:12:00 UTC
jkernel_junos-actions-dd release 21.1R3.11 built by builder on 2021-12-15 01:26:58 UTC
jpppd-actions-dd release 21.1R3.11 built by builder on 2021-12-15 01:12:11 UTC
jroute-actions-dd release 21.1R3.11 built by builder on 2021-12-15 01:27:14 UTC
jroute_junos-actions-dd release 21.1R3.11 built by builder on 2021-12-15 01:12:13 UTC
junos-lrmuxd-actions-dd release 21.1R3.11 built by builder on 2021-12-15 01:12:00 UTC
junos-ntad-actions-dd release 21.1R3.11 built by builder on 2021-12-15 01:12:01 UTC
junos-routing-amt-actions-dd release 21.1R3.11 built by builder on 2021-12-15 01:12:02 UTC
junos-routing-auto-bw-actions-dd release 21.1R3.11 built by builder on 2021-12-15 01:12:03 UTC
junos-routing-backup-selection-advanced-actions-dd release 21.1R3.11 built by builder on 2021-12-15 01:12:00 UTC
junos-routing-backup-selection-basic-actions-dd release 21.1R3.11 built by builder on 2021-12-15 01:12:01 UTC
junos-routing-bgp-advanced-actions-dd release 21.1R3.11 built by builder on 2021-12-15 01:12:07 UTC
junos-routing-bgp-basic-actions-dd release 21.1R3.11 built by builder on 2021-12-15 01:12:08 UTC
junos-routing-bgpmcast-actions-dd release 21.1R3.11 built by builder on 2021-12-15 01:12:02 UTC
junos-routing-ccc-actions-dd release 21.1R3.11 built by builder on 2021-12-15 01:12:06 UTC
junos-routing-dvmrp-actions-dd release 21.1R3.11 built by builder on 2021-12-15 01:12:02 UTC
junos-routing-egress-protection-actions-dd release 21.1R3.11 built by builder on 2021-12-15 01:12:03 UTC
junos-routing-esis-actions-dd release 21.1R3.11 built by builder on 2021-12-15 01:12:03 UTC
junos-routing-evpn-actions-dd release 21.1R3.11 built by builder on 2021-12-15 01:27:10 UTC
junos-routing-exp-seg-actions-dd release 21.1R3.11 built by builder on 2021-12-15 01:12:07 UTC
junos-routing-hakr-actions-dd release 21.1R3.11 built by builder on 2021-12-15 01:12:02 UTC
junos-routing-igmp-actions-dd release 21.1R3.11 built by builder on 2021-12-15 01:12:04 UTC
junos-routing-igp-sr-actions-dd release 21.1R3.11 built by builder on 2021-12-15 01:12:03 UTC
junos-routing-infra-advanced-actions-dd release 21.1R3.11 built by builder on 2021-12-15 01:12:04 UTC
junos-routing-infra-basic-actions-dd release 21.1R3.11 built by builder on 2021-12-15 01:27:46 UTC
junos-routing-infra-dyn-tunnel-advanced-actions-dd release 21.1R3.11 built by builder on 2021-12-15 01:12:04 UTC
junos-routing-infra-dyn-tunnel-actions-dd release 21.1R3.11 built by builder on 2021-12-15 01:12:05 UTC
junos-routing-infra-frr-advanced-actions-dd release 21.1R3.11 built by builder on 2021-12-15 01:12:04 UTC
junos-routing-infra-frr-actions-dd release 21.1R3.11 built by builder on 2021-12-15 01:12:04 UTC
junos-routing-infra-mpls-actions-dd release 21.1R3.11 built by builder on 2021-12-15 01:12:05 UTC
junos-routing-infra-nsr-actions-dd release 21.1R3.11 built by builder on 2021-12-15 01:12:05 UTC
junos-routing-infra-resolver-actions-dd release 21.1R3.11 built by builder on 2021-12-15 01:12:05 UTC
junos-routing-infra-rt-advanced-actions-dd release 21.1R3.11 built by builder on 2021-12-15 01:12:07 UTC
junos-routing-infra-srlg-actions-dd release 21.1R3.11 built by builder on 2021-12-15 01:12:05 UTC
junos-routing-infra-telemetry-actions-dd release 21.1R3.11 built by builder on 2021-12-15 01:12:05 UTC
junos-routing-ingress-replication-actions-dd release 21.1R3.11 built by builder on 2021-12-15 01:12:03 UTC
junos-routing-instance-proto-intf-actions-dd release 21.1R3.11 built by builder on 2021-12-15 01:26:14 UTC
junos-routing-instance-virtual-router-actions-dd release 21.1R3.11 built by builder on 2021-12-15 01:26:14 UTC
junos-routing-instance-vrf-actions-dd release 21.1R3.11 built by builder on 2021-12-15 01:26:16 UTC
junos-routing-ip-actions-dd release 21.1R3.11 built by builder on 2021-12-15 01:12:05 UTC
junos-routing-isis-advanced-actions-dd release 21.1R3.11 built by builder on 2021-12-15 01:12:07 UTC
junos-routing-isis-basic-actions-dd release 21.1R3.11 built by builder on 2021-12-15 01:27:04 UTC
junos-routing-krt-advanced-actions-dd release 21.1R3.11 built by builder on 2021-12-15 01:12:07 UTC
junos-routing-krt-basic-actions-dd release 21.1R3.11 built by builder on 2021-12-15 01:27:08 UTC
junos-routing-l2iw-actions-dd release 21.1R3.11 built by builder on 2021-12-15 01:12:04 UTC
junos-routing-l2vpn-actions-dd release 21.1R3.11 built by builder on 2021-12-15 01:27:09 UTC
junos-routing-ldp-actions-dd release 21.1R3.11 built by builder on 2021-12-15 01:12:07 UTC
junos-routing-lmpd-actions-dd release 21.1R3.11 built by builder on 2021-12-15 01:12:00 UTC
junos-routing-lsping-actions-dd release 21.1R3.11 built by builder on 2021-12-15 01:26:43 UTC
junos-routing-mld-actions-dd release 21.1R3.11 built by builder on 2021-12-15 01:12:04 UTC
junos-routing-monitor-lsp-actions-dd release 21.1R3.11 built by builder on 2021-12-15 01:12:00 UTC
junos-routing-mpls-advanced-actions-dd release 21.1R3.11 built by builder on 2021-12-15 01:27:11 UTC
junos-routing-mpls-basic-actions-dd release 21.1R3.11 built by builder on 2021-12-15 01:12:07 UTC
junos-routing-mpls-pm-actions-dd release 21.1R3.11 built by builder on 2021-12-15 01:12:06 UTC
junos-routing-mpls-static-actions-dd release 21.1R3.11 built by builder on 2021-12-15 01:26:58 UTC
junos-routing-mpls-tag-lsi-actions-dd release 21.1R3.11 built by builder on 2021-12-15 01:12:00 UTC
junos-routing-mplslmdm-actions-dd release 21.1R3.11 built by builder on 2021-12-15 01:26:13 UTC
junos-routing-mplsoamd-actions-dd release 21.1R3.11 built by builder on 2021-12-15 01:12:02 UTC
junos-routing-msdp-actions-dd release 21.1R3.11 built by builder on 2021-12-15 01:27:19 UTC
junos-routing-multicast-actions-dd release 21.1R3.11 built by builder on 2021-12-15 01:27:06 UTC
junos-routing-mvpn-actions-dd release 21.1R3.11 built by builder on 2021-12-15 01:27:07 UTC
junos-routing-ospf-advanced-actions-dd release 21.1R3.11 built by builder on 2021-12-15 01:12:08 UTC
junos-routing-ospf-basic-actions-dd release 21.1R3.11 built by builder on 2021-12-15 01:12:09 UTC
junos-routing-pim-actions-dd release 21.1R3.11 built by builder on 2021-12-15 01:12:08 UTC
junos-routing-policy-advanced-actions-dd release 21.1R3.11 built by builder on 2021-12-15 01:12:06 UTC
junos-routing-policy-basic-actions-dd release 21.1R3.11 built by builder on 2021-12-15 01:27:47 UTC
junos-routing-prpd-actions-dd release 21.1R3.11 built by builder on 2021-12-15 01:12:06 UTC
junos-routing-rip-actions-dd release 21.1R3.11 built by builder on 2021-12-15 01:12:08 UTC
junos-routing-route-validation-advanced-actions-dd release 21.1R3.11 built by builder on 2021-12-15 01:12:09 UTC
junos-routing-route-validation-basic-actions-dd release 21.1R3.11 built by builder on 2021-12-15 01:12:09 UTC
junos-routing-rpd-lmp-actions-dd release 21.1R3.11 built by builder on 2021-12-15 01:12:06 UTC
junos-routing-rsvp-actions-dd release 21.1R3.11 built by builder on 2021-12-15 01:12:08 UTC
junos-routing-sap-actions-dd release 21.1R3.11 built by builder on 2021-12-15 01:12:09 UTC
junos-routing-spring-te-actions-dd release 21.1R3.11 built by builder on 2021-12-15 01:12:07 UTC
l2ald-actions-dd release 21.1R3.11 built by builder on 2021-12-15 01:27:11 UTC
lldp-actions-dd release 21.1R3.11 built by builder on 2021-12-15 01:12:14 UTC
lrf-actions-dd release 21.1R3.11 built by builder on 2021-12-15 01:11:58 UTC
macsec-actions-dd release 21.1R3.11 built by builder on 2021-12-15 01:11:57 UTC
mclag_cfgchk_cmd-actions-dd release 21.1R3.11 built by builder on 2021-12-15 01:12:14 UTC
mcsnoop-actions-dd release 21.1R3.11 built by builder on 2021-12-15 01:27:42 UTC
mo-actions-dd release 21.1R3.11 built by builder on 2021-12-15 01:12:12 UTC
mobiled-actions-dd release 21.1R3.11 built by builder on 2021-12-15 01:28:11 UTC
pccd-actions-dd release 21.1R3.11 built by builder on 2021-12-15 01:12:09 UTC
ppmd-actions-dd release 21.1R3.11 built by builder on 2021-12-15 01:11:59 UTC
pppd-actions-dd release 21.1R3.11 built by builder on 2021-12-15 01:12:11 UTC
pppoed-actions-dd release 21.1R3.11 built by builder on 2021-12-15 01:12:12 UTC
r2cpd-actions-dd release 21.1R3.11 built by builder on 2021-12-15 01:26:58 UTC
rdd-actions-dd release 21.1R3.11 built by builder on 2021-12-15 01:12:14 UTC
rdmd-actions-dd release 21.1R3.11 built by builder on 2021-12-15 01:12:11 UTC
repd_cmd-actions-dd release 21.1R3.11 built by builder on 2021-12-15 01:12:14 UTC
rmpsd-actions-dd release 21.1R3.11 built by builder on 2021-12-15 01:12:12 UTC
rpdtmd-actions-dd release 21.1R3.11 built by builder on 2021-12-15 01:12:10 UTC
rpdtmd-exception-actions-dd release 21.1R3.11 built by builder on 2021-12-15 01:12:09 UTC
rpdtmd-traffic-stats-actions-dd release 21.1R3.11 built by builder on 2021-12-15 01:12:10 UTC
scpd-actions-dd release 21.1R3.11 built by builder on 2021-12-15 01:27:05 UTC
sdpd-actions-dd release 21.1R3.11 built by builder on 2021-12-15 01:27:05 UTC
services-actions-dd release 21.1R3.11 built by builder on 2021-12-15 01:28:27 UTC
sflow-service-actions-dd release 21.1R3.11 built by builder on 2021-12-15 01:12:12 UTC
spmd_common-actions-dd release 21.1R3.11 built by builder on 2021-12-15 01:27:08 UTC
srd-actions-dd release 21.1R3.11 built by builder on 2021-12-15 01:12:16 UTC
stp-actions-dd release 21.1R3.11 built by builder on 2021-12-15 01:27:13 UTC
subinfo-actions-dd release 21.1R3.11 built by builder on 2021-12-15 01:27:07 UTC
tcpfwdd-actions-dd release 21.1R3.11 built by builder on 2021-12-15 01:11:56 UTC
telemetry-actions-dd release 21.1R3.11 built by builder on 2021-12-15 01:12:14 UTC
timingd-actions-dd release 21.1R3.11 built by builder on 2021-12-15 01:12:14 UTC
traffic-dird-actions-dd release 21.1R3.11 built by builder on 2021-12-15 01:12:14 UTC
transportd-actions-dd release 21.1R3.11 built by builder on 2021-12-15 01:12:14 UTC
url-filterd-actions-dd release 21.1R3.11 built by builder on 2021-12-15 01:11:57 UTC
virtualchassis-actions-dd release 21.1R3.11 built by builder on 2021-12-15 01:26:44 UTC
vlans-ng-actions-dd release 21.1R3.11 built by builder on 2021-12-15 01:26:14 UTC


root@vMX2> show system core-dumps no-forwarding

/var/crash/*core*: No such file or directory
/var/tmp/*core*: No such file or directory
/var/tmp/pics/*core*: No such file or directory
/var/crash/kernel.*: No such file or directory
/var/jails/rest-api/tmp/*core*: No such file or directory
/tftpboot/corefiles/*core*: No such file or directory


root@vMX2> show chassis alarms no-forwarding

No alarms currently active


root@vMX2> show chassis hardware detail no-forwarding

Hardware inventory:
Item             Version  Part number  Serial number     Description
Chassis                                VM6228E879E1      VMX
Midplane
Routing Engine 0                                         RE-VMX
  cd0   27649 MB  VMware Virtual IDE Har 00000000000000000001 Hard Disk
CB 0                                                     VMX SCB
FPC 0                     BUILTIN      BUILTIN           Virtual FPC
  CPU            Rev. 1.0 RIOT-LITE    BUILTIN
  MIC 0                                                  Virtual
    PIC 0                 BUILTIN      BUILTIN           Virtual


root@vMX2> show system processes extensive no-forwarding

last pid: 18164;  load averages:  0.40,  0.34,  0.33  up 0+00:46:26    12:17:57
346 processes: 2 running, 291 sleeping, 53 waiting

Mem: 576M Active, 1187M Inact, 270M Wired, 62M Buf, 1882M Free
Swap: 3072M Total, 3072M Free


  PID USERNAME PRI NICE   SIZE    RES STATE    TIME    WCPU COMMAND
   11 root     155 ki31     0K    16K RUN     44:34  80.96% idle
 3693 root      -8    -     0K    16K wrkwai   0:02   2.29% md9.uzip
 7409 root      -8    -     0K    16K wrkwai   0:01   1.76% md22.uzip
17863 root      24    0 88292K 44288K select   0:00   1.27% cli
 3692 root      -8    -     0K    16K mdwait   0:01   0.98% md9
17864 root      52    0   739M 39024K select   0:00   0.68% mgd
 7408 root      -8    -     0K    16K mdwait   0:00   0.59% md22
10024 root      -8    -     0K    16K wrkwai   0:00   0.49% md39.uzip
10355 root      -8    -     0K    16K wrkwai   0:00   0.49% md41.uzip
   12 root     -88    -     0K   848K WAIT     0:01   0.39% intr{irq14: ata0}
16086 root      20    0   726M 13408K select   0:01   0.29% eventd
 8759 root      -8    -     0K    16K wrkwai   0:01   0.29% md29.uzip
10354 root      -8    -     0K    16K mdwait   0:00   0.20% md41
16113 root      20    0   793M 50328K select   0:02   0.10% mib2d
10023 root      -8    -     0K    16K mdwait   0:00   0.10% md39
 8691 root      -8    -     0K    16K wrkwai   0:00   0.10% md28.uzip
    0 root     -16    -     0K   208K swapin   0:16   0.00% kernel{swapper}
16130 root      20    0   964M   165M select   0:09   0.00% authd
16104 root      20    0   862M 66104K select   0:03   0.00% chassisd{chassisd}
   12 root     -72    -     0K   848K WAIT     0:02   0.00% intr{swi1: netisr 0}
16199 root      20    0   893M 35292K nanslp   0:02   0.00% rep-clientd
16201 root      20    0   893M 35292K nanslp   0:02   0.00% rep-serverd
16305 root      20    0   794M 60076K select   0:02   0.00% pfed
    2 root     -16    -     0K    16K jfe_jo   0:02   0.00% jfe_job_0_0
16129 root      20    0   849M 63984K select   0:01   0.00% jdhcpd{jdhcpd}
   12 root     -60    -     0K   848K WAIT     0:01   0.00% intr{swi4: clock (0)}
16101 root      20    0  5948K  1464K select   0:01   0.00% bslockd
16261 root      20    0   921M 36500K select   0:01   0.00% l2ald
16206 root      20    0   737M 20148K select   0:01   0.00% license-check
    9 root     -16    -     0K    32K -        0:01   0.00% cam{doneq0}
16302 root      20    0   738M 21372K select   0:01   0.00% snmpd
16260 root      20    0   878M   112M kqread   0:01   0.00% rpd{rpd}
16217 root      20    0 29896K 16412K nanslp   0:01   0.00% na-grpcd{na-grpcd}
16133 root      20    0   776M  5552K select   0:01   0.00% shm-rtsdbd
   12 root     -92    -     0K   848K WAIT     0:01   0.00% intr{irq266: vmx1}
   14 root     -16    -     0K    16K -        0:01   0.00% rand_harvestq
16268 root      20    0   787M 55592K select   0:01   0.00% cosd
16210 nobody    20    0 69832K  3868K select   0:01   0.00% na-mqttd
16136 root      20    0   737M 24796K select   0:01   0.00% agentd{agentd}
 3143 root      -8    -     0K    16K wrkwai   0:00   0.00% md8.uzip
16134 root      20    0   835M  5972K nanslp   0:00   0.00% gstatd
 8828 root      -8    -     0K    16K wrkwai   0:00   0.00% md30.uzip
 9192 root      -8    -     0K    16K wrkwai   0:00   0.00% md33.uzip
16131 root      20    0   741M 17872K select   0:00   0.00% smid
16118 root      20    0   727M 14552K select   0:00   0.00% ppmd
16310 root      20    0   826M 13232K select   0:00   0.00% transportd
   26 root      20    -     0K    16K -        0:00   0.00% bufspacedaemon
16306 root      20    0   713M  5716K select   0:00   0.00% irsd
16139 root      48    0   724M 13652K select   0:00   0.00% python3
16300 root      20    0   756M 30452K select   0:00   0.00% dcd
 3142 root      -8    -     0K    16K mdwait   0:00   0.00% md8
   13 root      -8    -     0K    48K -        0:00   0.00% geom{g_down}
    9 root     -16    -     0K    32K -        0:00   0.00% cam{scanner}
16301 root      20    0   728M 15628K select   0:00   0.00% alarmd
10110 root      -8    -     0K    16K wrkwai   0:00   0.00% md40.uzip
16108 root      20    0   736M 38088K select   0:00   0.00% mgd
10470 root      -8    -     0K    16K wrkwai   0:00   0.00% md42.uzip
17855 jcluser   20    0 88292K 44288K select   0:00   0.00% cli
16224 root      20    0   739M 39160K select   0:00   0.00% mgd
   13 root      -8    -     0K    48K -        0:00   0.00% geom{g_event}
16127 root      20    0   728M 13868K select   0:00   0.00% clksyncd
 9191 root      -8    -     0K    16K mdwait   0:00   0.00% md33
 8758 root      -8    -     0K    16K mdwait   0:00   0.00% md29
16208 root      20    0   731M 18340K select   0:00   0.00% jsd{jsd}
 2737 root      -8    -     0K    16K wrkwai   0:00   0.00% md5.uzip
   22 root     -16    -     0K    32K psleep   0:00   0.00% pagedaemon{pagedaemon}
16285 root      20    0   761M 28172K kqread   0:00   0.00% l2cpd
16307 root      20    0   791M 60916K select   0:00   0.00% dfwd
   13 root      -8    -     0K    48K -        0:00   0.00% geom{g_up}
 6043 root      -8    -     0K    16K wrkwai   0:00   0.00% md16.uzip
   16 root      -8    -     0K    16K wrkwai   0:00   0.00% md0.uzip
16208 root      20    0   731M 18340K select   0:00   0.00% jsd{jsd}
 7093 root      -8    -     0K    16K wrkwai   0:00   0.00% md19.uzip
  153 root      -8    -     0K    16K wrkwai   0:00   0.00% md1.uzip
16091 root      20    0   827M  5956K kqread   0:00   0.00% jlaunchd
    0 root     -16    -     0K   208K -        0:00   0.00% kernel{deadlkres}
16208 root      20    0   731M 18340K select   0:00   0.00% jsd{jsd}
  483 root      -8    -     0K    16K wrkwai   0:00   0.00% md2.uzip
16202 root      20    0   716M  6912K select   0:00   0.00% jinsightd{jinsightd}
16104 root     -26  r26   862M 66104K nanslp   0:00   0.00% chassisd{chassisd}
16220 root      20    0   733M 12240K select   0:00   0.00% pkid
   27 root      16    -     0K    16K syncer   0:00   0.00% syncer
16195 root      20    0   762M 19384K kqread   0:00   0.00% dot1xd
 2736 root      -8    -     0K    16K mdwait   0:00   0.00% md5
16290 root      20    0   720M  6016K select   0:00   0.00% jddosd{jddosd}
16208 root      20    0   731M 18340K select   0:00   0.00% jsd{jsd}
16208 root      20    0   731M 18340K select   0:00   0.00% jsd{jsd}
10109 root      -8    -     0K    16K mdwait   0:00   0.00% md40
16311 root      20    0   810M 10260K select   0:00   0.00% alarm-mgmtd
16217 root      20    0 29896K 16412K select   0:00   0.00% na-grpcd{na-grpcd}
16128 root      20    0   720M 10896K select   0:00   0.00% lfmd
10992 root      -8    -     0K    16K wrkwai   0:00   0.00% md47.uzip
10469 root      -8    -     0K    16K mdwait   0:00   0.00% md42
 4893 root      -8    -     0K    16K wrkwai   0:00   0.00% md15.uzip
 8827 root      -8    -     0K    16K mdwait   0:00   0.00% md30
16202 root      20    0   716M  6912K uwait    0:00   0.00% jinsightd{jinsightd}
   12 root     -88    -     0K   848K WAIT     0:00   0.00% intr{irq15: ata1}
 2945 root      -8    -     0K    16K wrkwai   0:00   0.00% md6.uzip
16202 root      20    0   716M  6912K uwait    0:00   0.00% jinsightd{jinsightd}
  482 root      -8    -     0K    16K mdwait   0:00   0.00% md2
16126 root      20    0   722M 11400K select   0:00   0.00% bfdd
    6 root     -16    -     0K    16K jfe_jo   0:00   0.00% jfe_job_4_0
16436 root     -16    -     0K    16K select   0:00   0.00% ppt_11_80000010
16217 root      20    0 29896K 16412K nanslp   0:00   0.00% na-grpcd{na-grpcd}
16217 root      20    0 29896K 16412K nanslp   0:00   0.00% na-grpcd{na-grpcd}
16286 root      20    0   720M 11012K select   0:00   0.00% oamd
16280 root      20    0   742M 24280K select   0:00   0.00% dfcd
16105 root      20    0   723M 11612K select   0:00   0.00% sdk-vmmd
  152 root      -8    -     0K    16K mdwait   0:00   0.00% md1
16208 root      20    0   731M 18340K uwait    0:00   0.00% jsd{jsd}
16202 root      20    0   716M  6912K select   0:00   0.00% jinsightd{jinsightd}
16157 root      20    0   801M 41872K select   0:00   0.00% bbe-smgd
   12 root     -72    -     0K   848K WAIT     0:00   0.00% intr{swi1: tnp_swi}
16208 root      20    0   731M 18340K uwait    0:00   0.00% jsd{jsd}
 9725 root      -8    -     0K    16K wrkwai   0:00   0.00% md36.uzip
   39 root     -16    -     0K    16K .        0:00   0.00% ddostasks
 7092 root      -8    -     0K    16K mdwait   0:00   0.00% md19
16217 root      20    0 29896K 16412K uwait    0:00   0.00% na-grpcd{na-grpcd}
16194 root      20    0   854M  9144K select   0:00   0.00% jkhmd
16196 root      20    0   765M 36636K select   0:00   0.00% bbe-statsd
16217 root      20    0 29896K 16412K uwait    0:00   0.00% na-grpcd{na-grpcd}
17576 nobody    20    0 16560K  5648K kqread   0:00   0.00% lighttpd.crypto
17851 root      20    0   861M  8836K select   0:00   0.00% sshd
16198 root      20    0   912M 38056K select   0:00   0.00% bbe-stats-svcsd
16267 root      20  -15   720M 10872K select   0:00   0.00% apsd
 8417 root      -8    -     0K    16K wrkwai   0:00   0.00% md24.uzip
16218 root      20    0   882M  9612K kqread   0:00   0.00% rpdtmd
13471 root      -8    -     0K    16K wrkwai   0:00   0.00% md49.uzip
 8333 root      -8    -     0K    16K wrkwai   0:00   0.00% md23.uzip
16287 root      20    0   736M  7356K kqread   0:00   0.00% mplsoamd
16208 root      20    0   731M 18340K select   0:00   0.00% jsd{jsd}
10792 root      -8    -     0K    16K wrkwai   0:00   0.00% md45.uzip
16214 root      20    0   717M  7364K select   0:00   0.00% xmlproxyd
 6042 root      -8    -     0K    16K mdwait   0:00   0.00% md16
 4892 root      -8    -     0K    16K mdwait   0:00   0.00% md15
16212 root      20    0   715M  6792K select   0:00   0.00% mgd-api
16107 root      20    0   720M  9384K select   0:00   0.00% craftd
16292 root      21    0   722M  8708K uwait    0:00   0.00% commit-syncd{commit-syncd}
16215 root      20    0   736M  6116K kqread   0:00   0.00% overlayd
    0 root       8    -     0K   208K -        0:00   0.00% kernel{thread taskq}
 2653 root      -8    -     0K    16K wrkwai   0:00   0.00% md4.uzip
 8555 root      -8    -     0K    16K wrkwai   0:00   0.00% md26.uzip
 2944 root      -8    -     0K    16K mdwait   0:00   0.00% md6
16208 root      20    0   731M 18340K select   0:00   0.00% jsd{jsd}
16162 root      20    0   906M 36368K select   0:00   0.00% bbe-smg-upd
16292 root      20    0   722M  8708K select   0:00   0.00% commit-syncd{commit-syncd}
 9278 root      -8    -     0K    16K wrkwai   0:00   0.00% md34.uzip
16205 root      20    0   882M 34616K select   0:00   0.00% bbe-helperd{bbe-helperd}
16114 root      20    0 59280K  3688K select   0:00   0.00% inetd
16173 root      20    0   734M  8384K select   0:00   0.00% appidd{appidd}
17856 root      20    0   739M 38940K select   0:00   0.00% mgd
 9724 root      -8    -     0K    16K mdwait   0:00   0.00% md36
   37 root     -16    -     0K    16K condsl   0:00   0.00% tnparpproc
10991 root      -8    -     0K    16K mdwait   0:00   0.00% md47
 7013 root      -8    -     0K    16K wrkwai   0:00   0.00% md18.uzip
16274 root      20    0   714M  5720K select   0:00   0.00% rdd
16183 root      20    0   857M  8196K select   0:00   0.00% jkdsd
 8416 root      -8    -     0K    16K mdwait   0:00   0.00% md24
16271 root      20    0   716M  6140K select   0:00   0.00% fsad
   38 root     -16    -     0K    16K long p   0:00   0.00% wkupdaemon
13470 root      -8    -     0K    16K mdwait   0:00   0.00% md49
16291 root      52    0 53108K  3480K select   0:00   0.00% nfsd
16289 root      20    0   713M  5188K select   0:00   0.00% iccpd
 8332 root      -8    -     0K    16K mdwait   0:00   0.00% md23
16260 root      20    0   878M   112M kqread   0:00   0.00% rpd{krtio-th}
16104 root      20    0   862M 66104K select   0:00   0.00% chassisd{chassisd}
16207 root      20    0   720M  9484K wait     0:00   0.00% web-api
16270 root      20    0   713M  5952K select   0:00   0.00% lmpd
17854 jcluser   20    0   861M  8904K select   0:00   0.00% sshd
 9277 root      -8    -     0K    16K mdwait   0:00   0.00% md34
16288 root      20    0   715M  5944K select   0:00   0.00% sendd
16104 root      20    0   862M 66104K select   0:00   0.00% chassisd{chassisd}
16276 root      20    0   713M  5624K select   0:00   0.00% pppd
 7242 root      -8    -     0K    16K wrkwai   0:00   0.00% md21.uzip
16216 root      20    0 19332K  7752K select   0:00   0.00% ntf-agent
 2652 root      -8    -     0K    16K mdwait   0:00   0.00% md4
16166 root      20    0 57208K  3492K nanslp   0:00   0.00% cron
16219 root      20    0   719M  9160K select   0:00   0.00% jsqlsyncd
 8554 root      -8    -     0K    16K mdwait   0:00   0.00% md26
16345 root      20    0   713M  5492K select   0:00   0.00% datapath-traced
 9955 root      -8    -     0K    16K wrkwai   0:00   0.00% md38.uzip
16137 root      20    0 57192K  3496K select   0:00   0.00% rpcbind
 9643 root      -8    -     0K    16K wrkwai   0:00   0.00% md35.uzip
16297 root      20    0   713M  5500K select   0:00   0.00% mspd
10791 root      -8    -     0K    16K mdwait   0:00   0.00% md45
 4816 root      -8    -     0K    16K wrkwai   0:00   0.00% md14.uzip
16217 root      20    0 29896K 16412K select   0:00   0.00% na-grpcd{na-grpcd}
16149 root      20    0   839M  5756K select   0:00   0.00% pmond
 9642 root      -8    -     0K    16K mdwait   0:00   0.00% md35
 7012 root      -8    -     0K    16K mdwait   0:00   0.00% md18
 4709 root      -8    -     0K    16K mdwait   0:00   0.00% md13
16308 root      22    0   720M  8972K select   0:00   0.00% stats-agentd
16141 root      20    0 55108K  3536K select   0:00   0.00% mountd
 9849 root      -8    -     0K    16K wrkwai   0:00   0.00% md37.uzip
16102 root      32    0 11340K  3060K select   0:00   0.00% tnetd
 8690 root      -8    -     0K    16K mdwait   0:00   0.00% md28
18164 root      72    0 66076K  4288K RUN      0:00   0.00% top
16136 root      20    0   737M 24796K select   0:00   0.00% agentd{agentd}
   28 root     -16    -     0K    16K vlruwt   0:00   0.00% vnlru
    0 root     -16    -     0K   208K PCI Sc   0:00   0.00% kernel{PCI Scan Thread}
16188 root      20    0 14892K  1796K wait     0:00   0.00% sh
 4434 root      -8    -     0K    16K mdwait   0:00   0.00% md10
    1 root      20    0  6280K   592K wait     0:00   0.00% init
 7241 root      -8    -     0K    16K mdwait   0:00   0.00% md21
17858 root      32    0 14892K  1868K wait     0:00   0.00% sh
   25 root     -16    -     0K    16K psleep   0:00   0.00% bufdaemon
 4815 root      -8    -     0K    16K mdwait   0:00   0.00% md14
   12 root     -92    -     0K   848K WAIT     0:00   0.00% intr{irq257: vmx0}
 9954 root      -8    -     0K    16K mdwait   0:00   0.00% md38
16293 root      52    0 53108K  3484K rpcsvc   0:00   0.00% nfsd
10624 root      -8    -     0K    16K mdwait   0:00   0.00% md44
 9848 root      -8    -     0K    16K mdwait   0:00   0.00% md37
 4710 root      -8    -     0K    16K wrkwai   0:00   0.00% md13.uzip
16202 root      20    0   716M  6912K select   0:00   0.00% jinsightd{jinsightd}
10552 root      -8    -     0K    16K mdwait   0:00   0.00% md43
16192 root      52    0 39940K  2536K ttyin    0:00   0.00% getty.junos
11063 root      -8    -     0K    16K mdwait   0:00   0.00% md48
11064 root      -8    -     0K    16K wrkwai   0:00   0.00% md48.uzip
 3062 root      -8    -     0K    16K wrkwai   0:00   0.00% md7.uzip
   31 root     -16    -     0K    16K ifscli   0:00   0.00% ifsclientclosed
16230 root      20    0  7884K  1560K select   0:00   0.00% watchdog
16193 root      49    0 39940K  2536K ttyin    0:00   0.00% getty.junos
   15 root      -8    -     0K    16K mdwait   0:00   0.00% md0
16303 root      52    0  8588K  2276K select   0:00   0.00% tnp.sntpd
16138 root      20    0 45792K  2228K nanslp   0:00   0.00% pmcd
 8623 root      -8    -     0K    16K wrkwai   0:00   0.00% md27.uzip
 4435 root      -8    -     0K    16K wrkwai   0:00   0.00% md10.uzip
 4551 root      -8    -     0K    16K mdwait   0:00   0.00% md11
16208 root      52    0   731M 18340K select   0:00   0.00% jsd{jsd}
 3061 root      -8    -     0K    16K mdwait   0:00   0.00% md7
 8622 root      -8    -     0K    16K mdwait   0:00   0.00% md27
10918 root      -8    -     0K    16K wrkwai   0:00   0.00% md46.uzip
10917 root      -8    -     0K    16K mdwait   0:00   0.00% md46
 4644 root      -8    -     0K    16K mdwait   0:00   0.00% md12
 6924 root      -8    -     0K    16K mdwait   0:00   0.00% md17
 9049 root      -8    -     0K    16K mdwait   0:00   0.00% md31
 6925 root      -8    -     0K    16K wrkwai   0:00   0.00% md17.uzip
16217 root      20    0 29896K 16412K select   0:00   0.00% na-grpcd{na-grpcd}
 9122 root      -8    -     0K    16K mdwait   0:00   0.00% md32
 9050 root      -8    -     0K    16K wrkwai   0:00   0.00% md31.uzip
 4552 root      -8    -     0K    16K wrkwai   0:00   0.00% md11.uzip
 7164 root      -8    -     0K    16K mdwait   0:00   0.00% md20
 1994 root      -8    -     0K    16K mdwait   0:00   0.00% md3
 8486 root      -8    -     0K    16K mdwait   0:00   0.00% md25
10625 root      -8    -     0K    16K wrkwai   0:00   0.00% md44.uzip
 9123 root      -8    -     0K    16K wrkwai   0:00   0.00% md32.uzip
 7165 root      -8    -     0K    16K wrkwai   0:00   0.00% md20.uzip
 1995 root      -8    -     0K    16K wrkwai   0:00   0.00% md3.uzip
16217 root      20    0 29896K 16412K select   0:00   0.00% na-grpcd{na-grpcd}
 8487 root      -8    -     0K    16K wrkwai   0:00   0.00% md25.uzip
17857 root      20    0  6104K  1440K nanslp   0:00   0.00% sleep
10553 root      -8    -     0K    16K wrkwai   0:00   0.00% md43.uzip
   12 root     -76    -     0K   848K WAIT     0:00   0.00% intr{swi0: uart uart}
16090 root      30    0 39588K  2052K wait     0:00   0.00% jlaunchhelperd
16208 root      20    0   731M 18340K uwait    0:00   0.00% jsd{jsd}
   17 root     -16    -     0K    16K -        0:00   0.00% soaiod1
   12 root     -64    -     0K   848K WAIT     0:00   0.00% intr{swi3: ipopt ip6opt}
   20 root     -16    -     0K    16K -        0:00   0.00% soaiod4
   36 root     -16    -     0K    16K select   0:00   0.00% if_pic_listen0
16173 root      52    0   734M  8384K select   0:00   0.00% appidd{appidd}
   18 root     -16    -     0K    16K -        0:00   0.00% soaiod2
    0 root       8    -     0K   208K -        0:00   0.00% kernel{acpi_task_0}
   19 root     -16    -     0K    16K -        0:00   0.00% soaiod3
16173 root      52    0   734M  8384K select   0:00   0.00% appidd{appidd}
16217 root      26    0 29896K 16412K select   0:00   0.00% na-grpcd{na-grpcd}
    0 root       8    -     0K   208K -        0:00   0.00% kernel{kqueue_ctx taskq}
16217 root      26    0 29896K 16412K select   0:00   0.00% na-grpcd{na-grpcd}
16217 root      20    0 29896K 16412K uwait    0:00   0.00% na-grpcd{na-grpcd}
   35 root     -16    -     0K    16K select   0:00   0.00% if_pfe_listen
16217 root      26    0 29896K 16412K select   0:00   0.00% na-grpcd{na-grpcd}
16217 root      26    0 29896K 16412K select   0:00   0.00% na-grpcd{na-grpcd}
   24 root     155 ki31     0K    16K pgzero   0:00   0.00% pagezero
16205 root      52    0   882M 34616K select   0:00   0.00% bbe-helperd{bbe-helperd}
16129 root      52    0   849M 63984K select   0:00   0.00% jdhcpd{jdhcpd}
16208 root      52    0   731M 18340K uwait    0:00   0.00% jsd{jsd}
16217 root      32    0 29896K 16412K uwait    0:00   0.00% na-grpcd{na-grpcd}
   12 root     -52    -     0K   848K WAIT     0:00   0.00% intr{swi6: Giant taskq}
16202 root      42    0   716M  6912K uwait    0:00   0.00% jinsightd{jinsightd}
16202 root      42    0   716M  6912K uwait    0:00   0.00% jinsightd{jinsightd}
16290 root      52    0   720M  6016K uwait    0:00   0.00% jddosd{jddosd}
    0 root       8    -     0K   208K -        0:00   0.00% kernel{mastership taskq}
13759 root     -16    -     0K    16K ftcl     0:00   0.00% ftcleanup
   34 root     -16    -     0K    16K purge_   0:00   0.00% kern_pir_proc
16290 root      52    0   720M  6016K sigwai   0:00   0.00% jddosd{jddosd}
   30 root     -16    -     0K    16K condsl   0:00   0.00% delayedexecd
   12 root     -84    -     0K   848K WAIT     0:00   0.00% intr{irq1: atkbd0}
   21 root     -16    -     0K    16K dump_r   0:00   0.00% kern_dump_proc
   29 root     -16    -     0K    16K sleep    0:00   0.00% netdaemon
    0 root      -8    -     0K   208K -        0:00   0.00% kernel{CAM taskq}
   33 root     -16    -     0K    16K jsr_js   0:00   0.00% jsr_jsm
   32 root     -16    -     0K    16K kkcm_n   0:00   0.00% jsr_kkcm
    0 root       8    -     0K   208K -        0:00   0.00% kernel{aiod_kick taskq}
    0 root     -16    -     0K   208K -        0:00   0.00% kernel{dtrace_taskq}
    4 root     -16    -     0K    16K jfe_jo   0:00   0.00% jfe_job_2_0
    5 root     -16    -     0K    16K jfe_jo   0:00   0.00% jfe_job_3_0
    3 root     -16    -     0K    16K jfe_jo   0:00   0.00% jfe_job_1_0
    8 root     -16    -     0K    16K crypto   0:00   0.00% crypto returns
    7 root     -16    -     0K    16K crypto   0:00   0.00% crypto
   10 root     -16    -     0K    16K audit_   0:00   0.00% audit
    0 root     -100    -     0K   208K -        0:00   0.00% kernel{system_taskq}
    0 root       8    -     0K   208K -        0:00   0.00% kernel{acpi_task_1}
    0 root       8    -     0K   208K -        0:00   0.00% kernel{acpi_task_2}
   22 root     -16    -     0K    32K umarcl   0:00   0.00% pagedaemon{uma}
   23 root     -16    -     0K    16K psleep   0:00   0.00% vmdaemon
   12 root     -52    -     0K   848K WAIT     0:00   0.00% intr{swi6: task queue}
   12 root     -56    -     0K   848K WAIT     0:00   0.00% intr{swi5: fast taskq}
   12 root     -60    -     0K   848K WAIT     0:00   0.00% intr{swi4: ip_mismatch+}
   12 root     -64    -     0K   848K WAIT     0:00   0.00% intr{swi3: vm}
   12 root     -72    -     0K   848K WAIT     0:00   0.00% intr{swi1: netisr_dropQ}
   12 root     -72    -     0K   848K WAIT     0:00   0.00% intr{swi1: ndpisr-I}
   12 root     -72    -     0K   848K WAIT     0:00   0.00% intr{swi1: ndpisr-E}
   12 root     -72    -     0K   848K WAIT     0:00   0.00% intr{swi1: ipfwd}
   12 root     -80    -     0K   848K WAIT     0:00   0.00% intr{irq287: pcib32}
   12 root     -80    -     0K   848K WAIT     0:00   0.00% intr{irq288: pcib33}
   12 root     -80    -     0K   848K WAIT     0:00   0.00% intr{irq289: pcib34}
   12 root     -80    -     0K   848K WAIT     0:00   0.00% intr{irq274: pcib19}
   12 root     -80    -     0K   848K WAIT     0:00   0.00% intr{irq273: pcib18}
   12 root     -80    -     0K   848K WAIT     0:00   0.00% intr{irq272: pcib17}
   12 root     -80    -     0K   848K WAIT     0:00   0.00% intr{irq271: pcib16}
   12 root     -80    -     0K   848K WAIT     0:00   0.00% intr{irq270: pcib15}
   12 root     -80    -     0K   848K WAIT     0:00   0.00% intr{irq269: pcib14}
   12 root     -80    -     0K   848K WAIT     0:00   0.00% intr{irq268: pcib13}
   12 root     -80    -     0K   848K WAIT     0:00   0.00% intr{irq275: pcib20}
   12 root     -80    -     0K   848K WAIT     0:00   0.00% intr{irq265: pcib11}
   12 root     -80    -     0K   848K WAIT     0:00   0.00% intr{irq264: pcib10}
   12 root     -80    -     0K   848K WAIT     0:00   0.00% intr{irq263: pcib9}
   12 root     -80    -     0K   848K WAIT     0:00   0.00% intr{irq262: pcib8}
   12 root     -80    -     0K   848K WAIT     0:00   0.00% intr{irq261: pcib7}
   12 root     -80    -     0K   848K WAIT     0:00   0.00% intr{irq260: pcib6}
   12 root     -80    -     0K   848K WAIT     0:00   0.00% intr{irq259: pcib5}
   12 root     -80    -     0K   848K WAIT     0:00   0.00% intr{irq258: pcib4}
   12 root     -80    -     0K   848K WAIT     0:00   0.00% intr{irq256: pcib3}
   12 root     -80    -     0K   848K WAIT     0:00   0.00% intr{irq267: pcib12}
   12 root     -80    -     0K   848K WAIT     0:00   0.00% intr{irq276: pcib21}
   12 root     -80    -     0K   848K WAIT     0:00   0.00% intr{irq277: pcib22}
   12 root     -80    -     0K   848K WAIT     0:00   0.00% intr{irq278: pcib23}
   12 root     -80    -     0K   848K WAIT     0:00   0.00% intr{irq279: pcib24}
   12 root     -80    -     0K   848K WAIT     0:00   0.00% intr{irq280: pcib25}
   12 root     -80    -     0K   848K WAIT     0:00   0.00% intr{irq281: pcib26}
   12 root     -80    -     0K   848K WAIT     0:00   0.00% intr{irq282: pcib27}
   12 root     -80    -     0K   848K WAIT     0:00   0.00% intr{irq283: pcib28}
   12 root     -80    -     0K   848K WAIT     0:00   0.00% intr{irq284: pcib29}
   12 root     -80    -     0K   848K WAIT     0:00   0.00% intr{irq285: pcib30}
   12 root     -80    -     0K   848K WAIT     0:00   0.00% intr{irq286: pcib31}
   12 root     -84    -     0K   848K WAIT     0:00   0.00% intr{irq3: uart1}
   12 root     -84    -     0K   848K WAIT     0:00   0.00% intr{irq4: uart0}



root@vMX2> show system license

License usage:
                                 Licenses     Licenses    Licenses    Expiry
  Feature name                       used    installed      needed
  VMX-BANDWIDTH                         0       100000           0    2022-05-21 00:00:00 UTC
  VMX-QUEUING                           0       100000           0    2022-05-21 00:00:00 UTC
  vBNG-Elite-Tier                       0      1000000           0    2022-05-21 00:00:00 UTC
  VMX-SCALE-PREMIUM                     1            1           0    2022-05-21 00:00:00 UTC

Licenses installed:
  License identifier: fcae2616-2242-4f2c-8d2e-b6c9a1fc805b
  License SKU: (NCKT)VMX_TRIAL
  License version: 1
  Order Type: trial
  Software Serial Number: 22200003-CxvPE
  Customer ID: Juniper Internal
  License count: 100000
  Features:
    VMX-SCALE-PREMIUM - Max scale supported by the VMX
      date-based, 2022-03-22 00:00:00 UTC - 2022-05-21 00:00:00 UTC
    VMX-QUEUING      - Enable Queuing features on VMX
      date-based, 2022-03-22 00:00:00 UTC - 2022-05-21 00:00:00 UTC
    VMX-BANDWIDTH    - Max bandwidth supported by the VMX
      date-based, 2022-03-22 00:00:00 UTC - 2022-05-21 00:00:00 UTC

  License identifier: 53f6f1c5-4970-49c9-8f9b-d67f838486dd
  License SKU: (NCKT)VBNG_TRIAL
  License version: 1
  Order Type: trial
  Software Serial Number: 22200002-yFRaF
  Customer ID: Juniper Internal
  License count: 1000000
  Features:
    vBNG-Elite-Tier  - Subscriber mgmt elite feature pack supported by VMX
      date-based, 2022-03-22 00:00:00 UTC - 2022-05-21 00:00:00 UTC


root@vMX2> show pfe statistics error


Slot 0



HSL2 Errors:
------------
  *****  No errors on this PFE  *****


JGCI Errors:
------------


                                                                Frames Received (last)           CRC Errors (last)
                                                              ----------------------------------------------------




root@vMX2> show pfe statistics traffic

Packet Forwarding Engine traffic statistics:
    Input  packets:                 1359                    0 pps
    Output packets:                 1333                    0 pps
    Fabric Input  :                    0                    0 pps
    Fabric Output :                    0                    0 pps
Packet Forwarding Engine local traffic statistics:
    Local packets input                 :                 1305
    Local packets output                :                 2666
    Software input control plane drops  :                    0
    Software input high drops           :                    0
    Software input medium drops         :                    0
    Software input low drops            :                    0
    Software output drops               :                    0
    Hardware input drops                :                    0
Packet Forwarding Engine local protocol statistics:
    HDLC keepalives            :                    0
    ATM OAM                    :                    0
    Frame Relay LMI            :                    0
    PPP LCP/NCP                :                    0
    OSPF hello                 :                 1109
    OSPF3 hello                :                    0
    RSVP hello                 :                    0
    LDP hello                  :                    0
    BFD                        :                    0
    IS-IS IIH                  :                    0
    LACP                       :                    0
    ARP                        :                   14
    ETHER OAM                  :                    0
    Unknown                    :                    0
Packet Forwarding Engine hardware discard statistics:
    Timeout                    :                    0
    Truncated key              :                    0
    Bits to test               :                    0
    Data error                 :                    0
    TCP header length error    :                    0
    Stack underflow            :                    0
    Stack overflow             :                    0
    Normal discard             :                   56
    Extended discard           :                    0
    Invalid interface          :                    0
    Info cell drops            :                    0
    Fabric drops               :                    0
    Unicast EAPOL              :                    0
Packet Forwarding Engine Input IPv4 Header Checksum Error and Output MTU Error statistics:
    Input Checksum             :                    0
    Output MTU                 :                    0


root@vMX2> start shell command "sleep 5"



root@vMX2> show pfe statistics traffic

Packet Forwarding Engine traffic statistics:
    Input  packets:                 1361                    0 pps
    Output packets:                 1336                    0 pps
    Fabric Input  :                    0                    0 pps
    Fabric Output :                    0                    0 pps
Packet Forwarding Engine local traffic statistics:
    Local packets input                 :                 1305
    Local packets output                :                 2674
    Software input control plane drops  :                    0
    Software input high drops           :                    0
    Software input medium drops         :                    0
    Software input low drops            :                    0
    Software output drops               :                    0
    Hardware input drops                :                    0
Packet Forwarding Engine local protocol statistics:
    HDLC keepalives            :                    0
    ATM OAM                    :                    0
    Frame Relay LMI            :                    0
    PPP LCP/NCP                :                    0
    OSPF hello                 :                 1109
    OSPF3 hello                :                    0
    RSVP hello                 :                    0
    LDP hello                  :                    0
    BFD                        :                    0
    IS-IS IIH                  :                    0
    LACP                       :                    0
    ARP                        :                   14
    ETHER OAM                  :                    0
    Unknown                    :                    0
Packet Forwarding Engine hardware discard statistics:
    Timeout                    :                    0
    Truncated key              :                    0
    Bits to test               :                    0
    Data error                 :                    0
    TCP header length error    :                    0
    Stack underflow            :                    0
    Stack overflow             :                    0
    Normal discard             :                   56
    Extended discard           :                    0
    Invalid interface          :                    0
    Info cell drops            :                    0
    Fabric drops               :                    0
    Unicast EAPOL              :                    0
Packet Forwarding Engine Input IPv4 Header Checksum Error and Output MTU Error statistics:
    Input Checksum             :                    0
    Output MTU                 :                    0


root@vMX2> show chassis routing-engine no-forwarding

Routing Engine status:
  Slot 0:
    Current state                  Master
    Election priority              Master (default)
    DRAM                      4046 MB (4096 MB installed)
    Memory utilization          24 percent
    5 sec CPU utilization:
      User                       1 percent
      Background                 0 percent
      Kernel                     3 percent
      Interrupt                  0 percent
      Idle                      95 percent
    1 min CPU utilization:
      User                       2 percent
      Background                 0 percent
      Kernel                     4 percent
      Interrupt                  0 percent
      Idle                      94 percent
    5 min CPU utilization:
      User                       1 percent
      Background                 0 percent
      Kernel                     1 percent
      Interrupt                  0 percent
      Idle                      97 percent
    15 min CPU utilization:
      User                       1 percent
      Background                 0 percent
      Kernel                     1 percent
      Interrupt                  0 percent
      Idle                      93 percent
    Model                          RE-VMX
    Start time                     2022-04-27 11:31:31 UTC
    Uptime                         46 minutes, 30 seconds
    Last reboot reason             Router rebooted after a normal shutdown.
    Load averages:                 1 minute   5 minute  15 minute
                                       0.37       0.33       0.33


root@vMX2> show chassis environment no-forwarding



root@vMX2> show chassis firmware no-forwarding

Part                     Type       Version
FPC 0                    ROM        PC Bios
                         O/S        Version 21.1R3.11 by builder on 2021-12-15 03:01:23 UTC


root@vMX2> show chassis fpc detail

Slot 0 information:
  State                               Online
  Temperature                      Testing
  Total CPU DRAM                 2047 MB
  Total RLDRAM                     10 MB
  Total DDR DRAM                    0 MB
  FIPS Capable                        False
  FIPS Mode                           False
  Start time                          2022-04-27 11:33:46 UTC
  Uptime                              44 minutes, 16 seconds


root@vMX2> show chassis fabric summary no-forwarding


error: command is not valid on the vmx


root@vMX2> show chassis fabric fpcs no-forwarding


error: command is not valid on the vmx


root@vMX2> show chassis fabric plane no-forwarding


error: syntax error, expecting <command>: plane


root@vMX2> show chassis fabric sibs no-forwarding


error: command is not valid on the vmx


root@vMX2> show chassis fabric topology no-forwarding


error: command is not valid on the vmx


root@vMX2> show chassis fabric reachability no-forwarding


error: command is not valid on the vmx


root@vMX2> show chassis fabric degradation no-forwarding


error: command is not valid on the vmx


root@vMX2> show chassis fabric destinations no-forwarding


error: command is not valid on the vmx


root@vMX2> show chassis fpc no-forwarding

                     Temp  CPU Utilization (%)   CPU Utilization (%)  Memory    Utilization (%)
Slot State            (C)  Total  Interrupt      1min   5min   15min  DRAM (MB) Heap     Buffer
  0  Online           Testing   7         0        6      6      6    2047        7          0
  1  Empty
  2  Empty
  3  Empty
  4  Empty
  5  Empty
  6  Empty
  7  Empty
  8  Empty
  9  Empty
 10  Empty
 11  Empty


root@vMX2> show chassis power no-forwarding



root@vMX2> show system boot-messages  no-forwarding

Copyright (c) 1992-2017 The FreeBSD Project.
Copyright (c) 1979, 1980, 1983, 1986, 1988, 1989, 1991, 1992, 1993, 1994
	The Regents of the University of California. All rights reserved.
FreeBSD is a registered trademark of The FreeBSD Foundation.
FreeBSD JNPR-11.0-20211011.a9cfe96_builder_stable_11 #0 r356482+a9cfe9689d1(stable/11): Mon Oct 11 04:02:11 PDT 2021
    builder@feyrith.juniper.net:/volume/build/junos/occam/llvm-5.0/sandbox-20210927/freebsd/stable_11/20210927.150612_builder_stable_11.a9cfe96/obj/amd64/juniper/kernels/JNPR-AMD64-PRD/kernel amd64
Juniper clang version 5.0.2  (based on LLVM 5.0.2)
VT(vga): text 80x25
CPU: Intel(R) Xeon(R) CPU E5-2680 v4 @ 2.40GHz (2400.00-MHz K8-class CPU)
  Origin="GenuineIntel"  Id=0x406f0  Family=0x6  Model=0x4f  Stepping=0
  Features=0xf83fbff<FPU,VME,DE,PSE,TSC,MSR,PAE,MCE,CX8,APIC,SEP,MTRR,PGE,MCA,CMOV,PAT,PSE36,MMX,FXSR,SSE,SSE2,SS>
  Features2=0xf6fa3203<SSE3,PCLMULQDQ,SSSE3,FMA,CX16,PCID,SSE4.1,SSE4.2,x2APIC,MOVBE,POPCNT,AESNI,XSAVE,AVX,F16C,RDRAND,HV>
  AMD Features=0x2c100800<SYSCALL,NX,Page1GB,RDTSCP,LM>
  AMD Features2=0x101<LAHF,Prefetch>
  Structured Extended Features=0x200<ERMS>
  TSC: P-state invariant
Hypervisor: Origin = "VMwareVMware"
real memory  = 4294967296 (4096 MB)
avail memory = 4073246720 (3884 MB)
Event timer "LAPIC" quality 600
ACPI APIC Table: <PTLTD  	 APIC  >
mtx_platform_early_bootinit: M/T/EX/SRX Series Early Boot Initialization
mtx_platform_set_re_type: vm_retype :RE-VMX
mtx_platform_set_re_type: Found RE type 160 RE-VMX
random: entropy device external interface
random: <Fortuna> initialized
Security policy loaded: JUNOS MAC/privcheck (mac_privcheck)
Security policy loaded: Junos MAC/fips (mac_fips)
Security policy loaded: MAC/grantbylabel (mac_grantbylabel)
Security policy loaded: MAC/veriexec (mac_veriexec)
Security policy loaded: Junos MAC/SDK (mac_sdk)
MAC/veriexec fingerprint module loaded: SHA256
MAC/veriexec fingerprint module loaded: SHA384
MAC/veriexec fingerprint module loaded: SHA1
MADT: Forcing active-low polarity and level trigger for SCI
ioapic0 <Version 1.1> irqs 0-23 on motherboard
netisr_init: forcing maxthreads from 4 to 1
Creating PCI Scan thread
pcidev module loaded, 0 (null)
random: registering fast source Intel Secure Key RNG
random: fast provider: "Intel Secure Key RNG"
Initializing M/T/EX platform properties ..
nexus0
vtvga0: <VT VGA driver> on motherboard
oamctl0: <OAM Control using VMWare interfaces> on motherboard
cryptosoft0: <software crypto> on motherboard
acpi0: <INTEL 440BX> on motherboard
acpi0: Power Button (fixed)
hpet0: <High Precision Event Timer> iomem 0xfed00000-0xfed003ff on acpi0
Timecounter "HPET" frequency 14318180 Hz quality 950
cpu0: <ACPI CPU> on acpi0
attimer0: <AT timer> port 0x40-0x43 irq 0 on acpi0
Timecounter "i8254" frequency 1193182 Hz quality 0
Event timer "i8254" frequency 1193182 Hz quality 100
atrtc0: <AT realtime clock> port 0x70-0x71 irq 8 on acpi0
atrtc0: registered as a time-of-day clock, resolution 1.000000s
Event timer "RTC" frequency 32768 Hz quality 0
Timecounter "ACPI-fast" frequency 3579545 Hz quality 900
acpi_timer0: <24-bit timer at 3.579545MHz> port 0x1008-0x100b on acpi0
pcib0: <ACPI Host-PCI bridge> port 0xcf8-0xcff on acpi0
pci0: <ACPI PCI bus> on pcib0
pcib1: <ACPI PCI-PCI bridge> at device 1.0 on pci0
pci1: <ACPI PCI bus> on pcib1
gpio0: <GPIO controller> at device 7.0 on pci0
device_attach: gpio0 attach returned 6
atapci0: <Intel PIIX4 UDMA33 controller> port 0x1f0-0x1f7,0x3f6,0x170-0x177,0x376,0x1060-0x106f at device 7.1 on pci0
ata0: <ATA channel> at channel 0 on atapci0
ata1: <ATA channel> at channel 1 on atapci0
smb0: <Intel 82371AB SMB controller> port 0x1040-0x104f at device 7.3 on pci0
smb0: controller initialization failed
pci cmd reg = 0x0001, SMB host conf = 0x00
vgapci0: <VGA-compatible display> port 0x1070-0x107f mem 0xec000000-0xefffffff,0xfe000000-0xfe7fffff irq 16 at device 15.0 on pci0
vgapci0: Boot video device
pci0: <mass storage, SCSI> at device 16.0 (no driver attached)
pcib2: <ACPI PCI-PCI bridge> at device 17.0 on pci0
pci2: <ACPI PCI bus> on pcib2
pcib3: <ACPI PCI-PCI bridge> at device 21.0 on pci0
pcib3: [GIANT-LOCKED]
pci3: <ACPI PCI bus> on pcib3
vmx0: <VMware VMXNET3 Ethernet Adapter> port 0x4000-0x400f mem 0xfd5fc000-0xfd5fcfff,0xfd5fd000-0xfd5fdfff,0xfd5fe000-0xfd5fffff irq 18 at device 0.0 on pci3
pcib4: <ACPI PCI-PCI bridge> at device 21.1 on pci0
pcib4: [GIANT-LOCKED]
pcib5: <ACPI PCI-PCI bridge> at device 21.2 on pci0
pcib5: [GIANT-LOCKED]
pcib6: <ACPI PCI-PCI bridge> at device 21.3 on pci0
pcib6: [GIANT-LOCKED]
pcib7: <ACPI PCI-PCI bridge> at device 21.4 on pci0
pcib7: [GIANT-LOCKED]
pcib8: <ACPI PCI-PCI bridge> at device 21.5 on pci0
pcib8: [GIANT-LOCKED]
pcib9: <ACPI PCI-PCI bridge> at device 21.6 on pci0
pcib9: [GIANT-LOCKED]
pcib10: <ACPI PCI-PCI bridge> at device 21.7 on pci0
pcib10: [GIANT-LOCKED]
pcib11: <ACPI PCI-PCI bridge> at device 22.0 on pci0
pcib11: [GIANT-LOCKED]
pci4: <ACPI PCI bus> on pcib11
vmx1: <VMware VMXNET3 Ethernet Adapter> port 0x5000-0x500f mem 0xfd4fc000-0xfd4fcfff,0xfd4fd000-0xfd4fdfff,0xfd4fe000-0xfd4fffff irq 19 at device 0.0 on pci4
pcib12: <ACPI PCI-PCI bridge> at device 22.1 on pci0
pcib12: [GIANT-LOCKED]
pcib13: <ACPI PCI-PCI bridge> at device 22.2 on pci0
pcib13: [GIANT-LOCKED]
pcib14: <ACPI PCI-PCI bridge> at device 22.3 on pci0
pcib14: [GIANT-LOCKED]
pcib15: <ACPI PCI-PCI bridge> at device 22.4 on pci0
pcib15: [GIANT-LOCKED]
pcib16: <ACPI PCI-PCI bridge> at device 22.5 on pci0
pcib16: [GIANT-LOCKED]
pcib17: <ACPI PCI-PCI bridge> at device 22.6 on pci0
pcib17: [GIANT-LOCKED]
pcib18: <ACPI PCI-PCI bridge> at device 22.7 on pci0
pcib18: [GIANT-LOCKED]
pcib19: <ACPI PCI-PCI bridge> at device 23.0 on pci0
pcib19: [GIANT-LOCKED]
pcib20: <ACPI PCI-PCI bridge> at device 23.1 on pci0
pcib20: [GIANT-LOCKED]
pcib21: <ACPI PCI-PCI bridge> at device 23.2 on pci0
pcib21: [GIANT-LOCKED]
pcib22: <ACPI PCI-PCI bridge> at device 23.3 on pci0
pcib22: [GIANT-LOCKED]
pcib23: <ACPI PCI-PCI bridge> at device 23.4 on pci0
pcib23: [GIANT-LOCKED]
pcib24: <ACPI PCI-PCI bridge> at device 23.5 on pci0
pcib24: [GIANT-LOCKED]
pcib25: <ACPI PCI-PCI bridge> at device 23.6 on pci0
pcib25: [GIANT-LOCKED]
pcib26: <ACPI PCI-PCI bridge> at device 23.7 on pci0
pcib26: [GIANT-LOCKED]
pcib27: <ACPI PCI-PCI bridge> at device 24.0 on pci0
pcib27: [GIANT-LOCKED]
pcib28: <ACPI PCI-PCI bridge> at device 24.1 on pci0
pcib28: [GIANT-LOCKED]
pcib29: <ACPI PCI-PCI bridge> at device 24.2 on pci0
pcib29: [GIANT-LOCKED]
pcib30: <ACPI PCI-PCI bridge> at device 24.3 on pci0
pcib30: [GIANT-LOCKED]
pcib31: <ACPI PCI-PCI bridge> at device 24.4 on pci0
pcib31: [GIANT-LOCKED]
pcib32: <ACPI PCI-PCI bridge> at device 24.5 on pci0
pcib32: [GIANT-LOCKED]
pcib33: <ACPI PCI-PCI bridge> at device 24.6 on pci0
pcib33: [GIANT-LOCKED]
pcib34: <ACPI PCI-PCI bridge> at device 24.7 on pci0
pcib34: [GIANT-LOCKED]
acpi_acad0: <AC Adapter> on acpi0
atkbdc0: <Keyboard controller (i8042)> port 0x60,0x64 irq 1 on acpi0
atkbd0: <AT Keyboard> irq 1 on atkbdc0
atkbd0: [GIANT-LOCKED]
isab0: <ACPI Generic ISA bridge> on acpi0
isa0: <ISA bus> on isab0
uart0: <16550 or compatible> port 0x3f8-0x3ff irq 4 on acpi0
uart0: console (9600,n,8,1)
uart0: [GIANT-LOCKED]
uart1: <16550 or compatible> port 0x2f8-0x2ff irq 3 on acpi0
uart1: [GIANT-LOCKED]
orm0: <ISA Option ROMs> at iomem 0xc0000-0xc7fff,0xc8000-0xc9fff,0xca000-0xcafff,0xcb000-0xcbfff,0xdc000-0xdffff,0xe0000-0xe7fff on isa0
jnx_product_set_vplatform: vchassis_type is 161
VPlatform: Setting product model to unknown for product type 161
virtual chassis member-id = 255
virtual chassis mode      = 0
virtual chassis fpc-slots = 255
virtual chassis effective fpc-slots = 12
virtual chassis ifstate revert      = 1
Initializing Kernel PVIDB.
Unified Services mode is turned off(0)
Initializing product: 161 ..
pfe_peer_smp_chk_product_supp: jnx_product_type: 161 mp_ncpus: 1 rts_shared_bitvector_ifstate_infra: 0 jpf_tcp_ppt_ifs_smp_support: 0 support: 0
rts_ifstate_chk_product_supp: jnx_product_type: 161 mp_ncpus: 1 rts_shared_bitvector_ifstate_infra: 0 jpf_tcp_ppt_ifs_smp_support: 0 support: 0
Setting up M/T interface operations and attributes
acpi_throttle0: <ACPI CPU Throttling> on cpu0
platform_set_re_misc_properties_common: vm_guest=4
platform_set_re_misc_properties_common: vm_retype: 'RE-VMX'
platform_set_re_misc_properties_common: renaming em0 -> fxp0
JUNOS procfs is initialized.
Timecounters tick every 1.000 msec
tcp_ip_smp_supp_chk_product: jnx_product_type: 161 support: 0
Registering tcp_platform_dependent = tcp_handle_special_ports
md0: Preloaded image </packages/sets/active/boot/os-kernel/contents.izo> 9159168 bytes at 0xffffffff8286a318
ada0 at ata0 bus 0 scbus0 target 0 lun 0
ada0: <VMware Virtual IDE Hard Drive 00000001> ATA-4 device
ada0: Serial Number 00000000000000000001
ada0: 33.300MB/s transfers (UDMA2, PIO 32768bytes)
ada0: 27649MB (56625152 512 byte sectors)
cd0 at ata1 bus 0 scbus1 target 0 lun 0
cd0: <NECVMWar VMware IDE CDR10 1.00> Removable CD-ROM SCSI device
cd0: Serial Number 10000000000000000001
cd0: 33.300MB/s transfers (UDMA2, ATAPI 12bytes, PIO 65534bytes)
cd0: Attempt to query device size failed: NOT READY, Medium not present
cd0: quirks=0x40<RETRY_BUSY>
ada1 at ata0 bus 0 scbus0 target 1 lun 0
ada1: <VMware Virtual IDE Hard Drive 00000001> ATA-4 device
ada1: Serial Number 01000000000000000001
ada1: 33.300MB/s transfers (UDMA2, PIO 32768bytes)
ada1: 8192MB (16777216 512 byte sectors)
Timecounter "TSC-low" frequency 1199999000 Hz quality 1000
Trying to mount root from cd9660:/dev/md0.uzip []...
random: unblocking device.


root@vMX2> show system storage no-forwarding

Filesystem              Size       Used      Avail  Capacity   Mounted on
/dev/gpt/junos           20G       1.1G        17G        6%  /.mount
/dev/gpt/config         793M        92K       730M        0%  /.mount/config
/dev/gpt/var            7.0G       112M       6.3G        2%  /.mount/var
tmpfs                   4.8G        64K       4.8G        0%  /.mount/tmp
tmpfs                   674M       768K       674M        0%  /.mount/mfs


root@vMX2> show system virtual-memory no-forwarding

         Type InUse MemUse HighUse Requests  Size(s)
       kbdmux     6    22K       -        6  16,512,1024,2048,16384
      md_disk    50   100K       -       50  2048
      entropy     4     1K       -     2620  32,4096
         UART     8    23K       -        8  16,1024,2048,8192
      scsi_cd     0     0K       -        8  16
        vtbuf    24  1968K       -       46  4096
           vt    11     6K       -       11  512
       DEVFS2   201     7K       -      398  16,32
       DEVFS3   546   137K       -      551  256
       DEVFS1   201   101K       -      204  512
        DEVFS    16     1K       -       17  16,128
       DEVFSP     0     0K       -        5  64
  nullfs_hash     1  1024K       -        1
  nullfs_node     4     1K       -        5  64
 nullfs_mount     1     1K       -        1  32
    pfs_nodes    36     9K       -       36  256
  pfs_vncache   366    23K       -     1163  64
  tmpfs mount     2     1K       -        2  128
   tmpfs name   463     9K       -     3248  16,32,64,128
         GEOM  1100   151K       -     7034  16,32,64,128,256,512,1024,2048,16384
    geom_uzip   343  5029K       -  2539972  64,128,256,512,1024,2048,4096,8192,16384,32768,65536
CAM dev queue     3     1K       -        3  64
       isadev     1     1K       -        1  128
  isofs_mount    50    13K       -       50  256
   isofs_node  6492  1623K       -     6492  256
  ddb_capture     1    64K       -        1  65536
     acpiintr     1     1K       -        1  64
       acpica  8765   808K       -    97348  16,32,64,128,256,512,1024,2048
         cdev     4     1K       -        4  256
     filedesc    33   133K       -      260  16,4096,8192
        sigio     0     0K       -       26  64
     filecaps     0     0K       -        4  64,128
      kdtrace   587   103K       -    36493  64,256
         kenv    88    13K       -       88  16,32,64,128,512,1024,8192
       kqueue   301    72K       -    18343  64,128,256,512,2048
         proc        procK       -     args  100
        hhook    16     3K       -       24  16,32,256
      ithread   183    27K       -      183  32,128,256
       KTRACE   100    13K       -      100  128
     acpitask     1    64K       -        1  65536
       linker  1669  4035K       -     2549  16,32,64,128,256,512,1024,2048,4096,8192,16384,32768,65536
      acpisem    36     5K       -       36  128
        lockf   258    27K       -   337636  64,128
   loginclass     4     1K       -        4  128
       devbuf  1873  1316K       -     4632  16,32,64,128,256,512,1024,2048,4096,8192,16384,32768
         temp 20861   543K       -    80730  16,32,64,128,256,512,1024,2048,4096,8192,16384,32768
       module   411    52K       -      411  128
     mtx_pool     2    16K       -        2  8192
     netstack     1     1K       -        1  16
          osd   824    14K       -    13816  16,32,64,128,256
     pmchooks     1     1K       -        1  128
         pgrp    10     2K       -      122  128
      session    10     3K       -      122  256
         proc     2     2K       -        2  1024
      subproc   483  1075K       -    18423  512,4096
         cred   130    33K       -     4327  256
       plimit    35     9K       -     1641  256
      uidinfo     6     1K       -       11  128,256
       dumper     1     1K       -        1  512
      acpidev    68     5K       -       68  64
       sysctl     0     0K       -   301675  16,32,64,128,512
    sysctloid 47783  2417K       -    71636  16,32,64,128
    sysctltmp     0     0K       -     3413  16,32,64,128,256,512,1024
      CAM SIM     3     1K       -        3  256
      tidhash     1     2K       -        1  2048
      callout     2  1416K       -        2
         umtx   720    90K       -      720  128
     p1003.1b     1     1K       -        1  16
         SWAP     2   413K       -        2  64
          bus  2806   347K       -     7288  16,32,64,128,256,512,1024
          bus         busK       -       sc  68
      devstat    58   117K       -       58  32,4096
 eventhandler   106     9K       -      106  64,128
         kobj   180   720K       -      606  4096
          Per         PerK       -      cpu  1
         rman   697    74K       -      951  32,128
         sbuf     8     2K       -    39455  16,32,64,128,256,512,1024,2048,4096,8192,16384,32768,65536
      CAM XPT    25     2K       -      290  16,32,64,128,256,512,1024,2048,65536
    taskqueue    30     4K       -       30  16,32,256
     terminal    11     3K       -       11  256
       Unitno    21     2K       -    29483  32,64
         vmem     3   276K       -       11  2048,4096,8192,16384,32768,65536
     ioctlops     0     0K       -     6407  512,2048
       select   126    16K       -      126  128
          iov     0     0K       -  1035984  16,32,64,128,256,512,1024
          msg     4    30K       -        4  2048,4096,8192,16384
          sem     4   106K       -        4  2048,4096
          shm    24   248K       -      241  8192,65536
          tty    15    15K       -       15  1024
          pts     1     1K       -        1  256
     mbuf_tag     0     0K       -   153140  32,64
        shmfd   106    54K       -      360  64,256,1024,8192
       soname   233    26K       -    88887  16,32,64,128
          pcb   646   525K       -     1482  16,32,64,128,512,1024,2048,4096,8192
      CAM DEV     6    12K       -        9  2048
     vfscache     4  2069K       -        4  512,4096,16384
   cl_savebuf     0     0K       -       12  64
     vfs_hash     1  1024K       -        1
       vnodes     6     1K       -        6  32,256
        mount   791    33K       -     1067  16,32,64,128,256,4096
       statfs     0     0K       -     5925  512
      CAM CCB     0     0K       -   217933  2048
  vnodemarker     0     0K       -     1870  512
   arc4random     1     1K       -        1  512
audit_evclass   187     6K       -      232  32
    ufs_mount     9    36K       -        9  512,2048,4096,8192
    vm_pgdata     2   513K       -        2  128
      UMAHash     1     8K       -        5  512,1024,2048,4096,8192
     CAM path     9     1K       -       43  32
   CAM periph     8     2K       -      970  16,32,64,128,256
     veriexec  5877   728K       -     5877  32,128
CAM I/O Scheduler     2     1K       -        2 128
      memdesc     1     4K       -        1  4096
     atkbddev     1     1K       -        1  64
     pci_link     8     1K       -        8  64,128
       apmdev     1     1K       -        1  128
   madt_table     0     0K       -        1  4096
    CAM queue     9     4K       -       21  16,32,512
      io_apic     1     2K       -        1  2048
          MCA     3     1K       -        3  16,128
          msi    34     5K       -       34  128
     nexusdev     6     1K       -        6  16
      ata_pci     1     1K       -        1  64
       OAMCTL     0     0K       -        5  64
          jsr     4     1K       -       20  32
          idl     1     8K       -       26  32,4096,8192,16384
       rtsmsg     0     0K       -       29  4096,8192,16384
       rtstat   132  4224K       -      410  32768
InterFaceBridgeDomain     1     1K       -        1
         mesh        meshK       -    group  4
   ifl_st_ctl    10     1K       -       14  16
 ifl_tlv_info    12     1K       -       44  16,32
        devrt     7    35K       -        7  64,512,2048,32768
         ddos     7   315K       -        7  64,512,2048,65536
vpls_lc_instance     1     8K       -        1 8192
     ifa_list    13     1K       -       14  16
gresstatevarlog     1    96K       -        1
       crypto     1     1K       -        1  512
      JFE job     1     1K       -        1
sysctl policing   769    37K       -      769
  JFE PROFILE    45    51K       -       45  16,64,2048
    schedhist     1   704K       -        1
        jlock   409  6165K       -      920  64,2048
          DDI     2     1K       -        2
JFE statistics    23  1388K       -       23 8192,32768
  ifl_idx_mgr     3     1K       -        3  16,32
      ibitmap     8    67K       -       12  16,32,256,1024,8192,32768
        jlist     1     1K       -        1
    iflogical    59    16K       -       75  16,32,1024
     iffamily    65     9K       -       65  16,64
    rtnexthop   188    40K       -      467  16,512,1024,2048
      metrics     4     1K       -       10
    inifmulti     4     1K       -        4  64
          STP    31     7K       -       31  16,128,512
    ingrentry     8     1K       -        8  64
        rnode    98     4K       -      116  32
     syncache     1    16K       -        1  16384
       rcache     4    16K       -        4  4096
       ip6ndp     0     0K       -        2
     tlv_stat     0     0K       -      183  16384
pfe_intf_info     2     1K       -        2  32,128
nhack_info_entries     3     1K       -        3 32
     ifdevice    16     5K       -       18  16,32,2048
       ifstat  1074  2969K       -     1078  16,32,64,4096,8192
shared_bitvector     3     1K       -        3
 rts_osd_slot    41     1K       -       81  16
Bridge Domain     2     1K       -        2  32
         ipfw    66    31K       -      146  16,32,64,128,256,512,1024,2048,4096
      ifmaddr   103     4K       -      115  32
       rtable   179    27K       -      197  16,32,128,512,1024
       sysctl     0     0K       -       39  256,512,1024,2048
       ifaddr    42     4K       -       44  32
         mkey   700    23K       -    13093  32,128
      pfe_ipc     1     1K       -      205  32
      ifstate  5924   491K       -    16179  16,32,64,128,512,2048,16384,32768
     ifstrace  3778   393K       -     3778  64,128,256
     itable16   774   235K       -     3084  256,512
     itable32   551    44K       -      551
     itable64     1     1K       -        1  128
           lr     1     4K       -        1  4096
          pic     4     2K       -        4  32,128,512,1024
      pfestat   139    31K       -     5231  16,64,4096,8192
       gencfg   457    63K       -      727  16,32,64,128,512,1024,2048,4096,8192
  Export Host     2     2K       -        2  1024
  inpcbpolicy   145     5K       -      369  32
  ipsecpolicy   290    73K       -      738  256
      solaris 298265 15761K       -   298310 16,32,64,128,256,512,1024,2048,4096,8192,16384,32768,65536
          fbt 67426  8685K       -    67426  128
          rpc     9    10K       -        9  32,64,256,512,8192
NFSD V4client     1     1K       -        1  256
 NFSD lckfile     1     1K       -        1  256
 NFSD session     1     1K       -        1  1024
          SDT    54     3K       -       54  16,64
     protobuf       protobufK       -        c 0
     protobuf       protobufK       -        c 0
     protobuf       protobufK       -        c 0
     protobuf       protobufK       -        c 0
     protobuf       protobufK       -        c 0
     protobuf       protobufK       -        c 0
     protobuf       protobufK       -        c 0
     protobuf       protobufK       -        c 0
     protobuf       protobufK       -        c 0
ITEM            SIZE     LIMIT     USED    FREE  REQUESTS
UMA Kegs:        384,        0,     126,      4,      126
UMA Zones:       768,        0,     127,      3,      127
UMA Slabs:        80,        0,    3043,      7,     3532
UMA Hash:        256,        0,      11,      4,       12
4 Bucket:         32,        0,      35,    340,     9483
6 Bucket:         48,        0,       3,    329,      162
8 Bucket:         64,        0,      24,    286,    10631
12 Bucket:        96,        0,       8,    156,      110
16 Bucket:       128,        0,      33,    122,    18345
32 Bucket:       256,        0,      54,     81,     5935
64 Bucket:       512,        0,      28,     36,     1932
128 Bucket:     1024,        0,      33,     19,     3543
256 Bucket:     2048,        0,      26,      4,     1661
vmem btag:        56,        0,   27606,    297,    43148
VM OBJECT:       264,        0,   15057,    603,   348831
RADIX NODE:      144,        0,   46004,     58,   747690
MAP:             240,        0,       3,     61,        3
KMAP ENTRY:      128,        0,      88,     67,       88
MAP ENTRY:       128,        0,   15453,   1194,  1166724
VMSPACE:        2512,        0,     100,      5,    18470
fakepg:          104,        0,      31,    121,      160
mt_zone:       16400,        0,     400,      0,      400
16:               16,        0,  185171,    318,   372059
32:               32,        0,  106815,    310,   506757
64:               64,        0,   17617,    115,  2884471
128:             128,        0,  159852,    170,   958620
256:             256,        0,   10594,     26,   189461
512:             512,        0,    1140,    108,    58062
1024:           1024,        0,     234,     94,    33671
2048:           2048,        0,     597,      9,   381425
4096:           4096,        0,    1112,      5,    68688
8192:           8192,        0,     289,      6,    32785
16384:         16384,        0,     134,      5,    85271
32768:         32768,        0,     217,      2,     2830
65536:         65536,        0,      22,      5,      930
SLEEPQUEUE:       80,        0,     361,     42,      361
kenv:            898,        0,       8,      8,    13179
64 pcpu:           8,        0,      28,    228,       28
Files:            80,        0,    1440,     60,   312601
filedesc0:      1104,        0,     238,      5,    18178
TURNSTILE:       136,        0,     361,     19,      361
rl_entry:         40,        0,     166,    134,      166
umtx pi:          96,        0,       0,      0,        0
umtx_shm:         88,        0,       0,      0,        0
Junos 48:         48,        0,     956,    123,     1698
Junos 80:         80,        0,     785,    115,     1378
Junos 96:         96,        0,      74,     90,      104
Junos 112:       112,        0,    2000,     30,     2038
Junos 144:       144,        0,     413,     19,      422
Junos 160:       160,        0,     281,     44,     4521
Junos 176:       176,        0,     115,     17,      149
Junos 192:       192,        0,      72,     68,      124
Junos 208:       208,        0,     270,     53,      283
Junos 224:       224,        0,      93,     43,      105
Junos 240:       240,        0,       3,     61,       13
Junos 296:       296,        0,      44,     21,       44
Junos 368:       368,        0,      82,      8,     1210
Junos 448:       448,        0,     323,     28,      420
jsocket:          48,        0,     697,    133,    13089
MAC labels:       40,        0,   15207,    293,    41121
PROC:           1376,        0,     237,      7,    18177
THREAD:         1376,        0,     354,      6,      380
cpuset:           96,        0,     207,     80,      207
audit_record:   1280,        0,       0,      0,        0
mbuf_packet:     256,  1603605,     519,    493,   104985
mbuf:            256,  1603605,     107,    411,   384049
mbuf_cluster:   2048,   250562,    1015,     95,    16905
mbuf_jumbo_page:  4096,   125281,       0,      9,      111
mbuf_jumbo_9k:  9216,    37120,       0,      0,        0
mbuf_jumbo_16k: 16384,    20880,       0,      0,        0
g_bio:           376,        0,       0,    380,  1056929
ttyinq:          160,        0,      90,     35,      150
ttyoutq:         256,        0,      47,     28,       79
FPU_save_area:   512,        0,       0,      0,        0
cryptop:          88,        0,       0,      0,        0
cryptodesc:       72,        0,       0,      0,        0
VirtFS fid zone:    56,        0,       0,      0,        0
VirtFS req zone:    16,        0,       0,      0,        0
VirtFS buf zone:  8224,        0,       0,      0,        0
vtnet_tx_hdr:     24,        0,       0,      0,        0
GENCFG:          112,        0,     119,     21,      131
VNODE:           472,        0,   14779,     45,    18450
VNODEPOLL:       120,        0,       0,      0,        0
BUF TRIE:        144,        0,    5506,  21062,   153302
S VFS Cache:     108,        0,   14221,     59,    34097
STS VFS Cache:   148,        0,       0,      0,        0
L VFS Cache:     328,        0,     754,     38,      820
LTS VFS Cache:   368,        0,       0,      0,        0
NAMEI:          1024,        0,       0,     16,  1036125
rentr:            24,        0,       0,      0,        0
VirtFS node zone:   312,        0,       0,      0,        0
VirtFS getattr zone:   160,        0,       0,      0,        0
VirtFS setattr zone:    56,        0,       0,      0,        0
VirtFS io_buffer zone:  8192,        0,       0,      0,        0
Mountpoints:     816,        0,      61,      4,       61
procdesc:        136,        0,       0,      0,        0
AIO:             224,        0,       0,      0,        0
AIOP:             32,        0,       0,      0,        0
AIOCB:           752,        0,       0,      0,        0
AIOL:            128,        0,       0,      0,        0
AIOLIO:          280,        0,       0,      0,        0
pipe:            760,        0,     108,     12,    13257
ksiginfo:        112,        0,     236,    814,      742
itimer:          352,        0,       0,      0,        0
KNOTE:           128,        0,     280,    123,    73307
socket:          880,   129472,     697,     19,    13089
ipq:              88,     1980,       0,      0,        0
udp_inpcb:       416,   129474,      36,     27,      121
tcp_inpcb:       416,   129474,     105,     12,      244
tcpcb:          1528,   129472,     104,      4,      244
sackhole:         32,        0,       0,    375,        2
tcptw:           112,     8190,       1,    139,       25
syncache:        192,    15360,       0,     80,       60
tcpreass:         40,    15700,       0,      0,        0
ripcb:           416,   129474,       5,     31,        5
unpcb:           240,   129472,     389,     43,    12267
selfd:            64,        0,     665,    141, 12850013
SWAPMETA:        288,   501137,       0,      0,        0
FFS inode:       152,        0,    7334,     50,     7724
FFS1 dinode:     128,        0,    6993,     13,     7264
FFS2 dinode:     256,        0,     341,     34,      460
TMPFS dirent:     64,        0,       6,    304,      205
TMPFS node:      232,        0,       7,     61,      206
TMPFS dirent:     64,        0,     454,    104,     2734
TMPFS node:      232,        0,     463,     98,     2735
dtrace_state_cache: 16384,        0,       0,      0,        0
taskq_zone:       48,        0,       0,      0,        0
fuse_ticket:     224,        0,       0,      0,        0
  4609116 cpu context switches
   389907 device interrupts
   450181 software interrupts
  3418924 traps
  8942007 system calls
      138 kernel threads created
    15367  fork() calls
     2672 vfork() calls
        0 rfork() calls
        0 swap pager pageins
        0 swap pager pages paged in
        0 swap pager pageouts
        0 swap pager pages paged out
    71097 vnode pager pageins
    73820 vnode pager pages paged in
      280 vnode pager pageouts
     1706 vnode pager pages paged out
        0 page daemon wakeups
   632139 pages examined by the page daemon
        0 pages reactivated
   763268 copy-on-write faults
       45 copy-on-write optimized faults
  1215992 zero fill pages zeroed
        0 zero fill pages prezeroed
      377 intransit blocking page faults
  3038110 total VM faults taken
    74319 page faults requiring I/O
        0 pages affected by kernel thread creation
 16273743 pages affected by  fork()
  2782993 pages affected by vfork()
        0 pages affected by rfork()
  2862101 pages freed
        0 pages freed by daemon
  1388385 pages freed by exiting process
   148171 pages active
   313325 pages inactive
        0 pages in VM cache
    69311 pages wired down
   471443 pages free
     4096 bytes per page
  3687781 total name lookups
           cache hits (93% pos + 5% neg) system 0% per-directory
           deletions 0%, falsehits 0%, toolong 0%
interrupt                          total       rate
irq1: atkbd0                           2          0
irq4: uart0                            3          0
irq14: ata0                       215611         77
irq15: ata1                         1919          1
cpu0:timer                        880605        315
irq257: vmx0                        1128          0
irq266: vmx1                      171244         61
Total                            1270512        455
vm.kmem_map_free: 4060880896


root@vMX2> show system buffer no-forwarding

586/944/1530 mbufs in use (current/cache/total)
521/589/1110/250562 mbuf clusters in use (current/cache/total/max)
518/494 mbuf+clusters out of packet secondary zone in use (current/cache)
4/5/9/125281 4k (page size) jumbo clusters in use (current/cache/total/max)
0/0/0/37120 9k (page size) jumbo clusters in use (current/cache/total/max)
0/0/0/20880 16k (page size) jumbo clusters in use (current/cache/total/max)
1204K/1434K/2638K bytes allocated to network (current/cache/total)
0/0/0 requests for mbufs denied (mbufs/clusters/mbuf+clusters)
0/0/0 requests for jumbo clusters denied (4k/9k/16k)
0 requests for sfbufs denied
0 requests for sfbufs delayed
0 requests for I/O initiated by sendfile


root@vMX2> show system queues no-forwarding

output interface            bytes          max  packets      max    drops
lsi                             0        12500        0       41        0
dsc                             0            0        0        0        0
lo0                             0            0        0        0        0
gre                             0        12500        0       41        0
ipip                            0        12500        0       41        0
tap                             0            0        0        0        0
pime                            0        12500        0       41        0
pimd                            0        12500        0       41        0
fxp0                            0     12500000        0    41666        0
em1                             0     12500000        0    41666        0
mtun                            0        12500        0       41        0
jsrv                            0     12500000        0    41666        0
demux0                          0            0        0        0        0
cbp0                            0     12500000        0    41666        0
pip0                            0     12500000        0    41666        0
pp0                             0       125000        0      416        0
irb                             0     12500000        0    41666        0
vtep                            0     12500000        0    41666        0
esi                             0     12500000        0    41666        0
rbeb                            0     12500000        0    41666        0
fti0                            0            0        0        0        0
fti1                            0            0        0        0        0
fti2                            0            0        0        0        0
fti3                            0            0        0        0        0
fti4                            0            0        0        0        0
fti5                            0            0        0        0        0
fti6                            0            0        0        0        0
fti7                            0            0        0        0        0
